MySQL Shell 8.0.12

Copyright (c) 2016, 2018, Oracle and/or its affiliates. All rights reserved.

Oracle is a registered trademark of Oracle Corporation and/or its
affiliates. Other names may be trademarks of their respective
owners.

Type '\help' or '\?' for help; '\quit' to exit.


 MySQL  JS > \sql
Switching to SQL mode... Commands end with ;

 MySQL  SQL > \connect -c rot@localhost
The -c option is deprecated, please use --mysql or -mc instead
Creating a Classic session to 'rot@localhost'
Please provide the password for 'rot@localhost': ****
MySQL Error 1045 (28000): Access denied for user 'rot'@'localhost' (using password: YES)

 MySQL  SQL > \connect -c root@localhost
The -c option is deprecated, please use --mysql or -mc instead
Creating a Classic session to 'root@localhost'
Please provide the password for 'root@localhost': ****
Save password for 'root@localhost:3306'? [Y]es/[N]o/Ne[v]er (default No): Y
Fetching schema names for autocompletion... Press ^C to stop.
Your MySQL connection id is 48
Server version: 8.0.12 MySQL Community Server - GPL
No default schema selected; type \use <schema> to set one.

 MySQL  localhost:3306 ssl  SQL > show databases;
+--------------------+
| Database           |
+--------------------+
| evaluacion_1       |
| information_schema |
| mysql              |
| performance_schema |
| sakila             |
| sys                |
| world              |
+--------------------+
7 rows in set (0.0012 sec)

 MySQL  localhost:3306 ssl  SQL > \use world
Default schema set to `world`.
Fetching table and column names from `world` for auto-completion... Press ^C to stop.

 MySQL  localhost:3306 ssl  world  SQL > show tables;
+-----------------+
| Tables_in_world |
+-----------------+
| city            |
| country         |
| countrylanguage |
| prueba          |
+-----------------+
4 rows in set (0.0013 sec)

 MySQL  localhost:3306 ssl  world  SQL > create table Prueba2(nombre varchar(50));
Query OK, 0 rows affected (0.4997 sec)

 MySQL  localhost:3306 ssl  world  SQL > show tables;
+-----------------+
| Tables_in_world |
+-----------------+
| city            |
| country         |
| countrylanguage |
| prueba          |
| prueba2         |
+-----------------+
5 rows in set (0.0019 sec)

 MySQL  localhost:3306 ssl  world  SQL > desc prueba2;
+--------+-------------+------+-----+---------+-------+
| Field  | Type        | Null | Key | Default | Extra |
+--------+-------------+------+-----+---------+-------+
| nombre | varchar(50) | YES  |     | NULL    |       |
+--------+-------------+------+-----+---------+-------+
1 row in set (0.0029 sec)

 MySQL  localhost:3306 ssl  world  SQL > \help
The Shell Help is organized in categories and topics. To get help for a
specific category or topic use: \? <pattern>

The <pattern> argument should be the name of a category or a topic.

The pattern is a filter to identify topics for which help is required, it can
use the following wildcards:

- ? matches any single charecter.
- * matches any character sequence.

The following are the main help categories:

 - Shell Commands Provides details about the available built-in shell commands.
 - SQL Syntax     Entry point to retrieve syntax help on SQL statements.

The available topics include:

- The available shell commands.
- Any word that is part of an SQL statement.

SHELL COMMANDS

The shell commands allow executing specific operations including updating the
shell configuration.

The following shell commands are available:

 - \                   Start multi-line input when in SQL mode.
 - \connect    (\c)    Connects the shell to a MySQL server and assigns the
                       global session.
 - \exit               Exits the MySQL Shell, same as \quit.
 - \G                  Send command to mysql server, display result vertically.
 - \g                  Send command to mysql server.
 - \help       (\?,\h) Prints help information about a specific topic.
 - \history            View and edit command line history.
 - \js                 Switches to JavaScript processing mode.
 - \nowarnings (\w)    Don't show warnings after every statement.
 - \option             Allows working with the available shell options.
 - \py                 Switches to Python processing mode.
 - \quit       (\q)    Exits the MySQL Shell.
 - \reconnect          Reconnects the global session.
 - \rehash             Refresh the autocompletion cache.
 - \source     (\.)    Loads and executes a script from a file.
 - \sql                Switches to SQL processing mode.
 - \status     (\s)    Print information about the current global session.
 - \use        (\u)    Sets the active schema.
 - \warnings   (\W)    Show warnings after every statement.

EXAMPLES
\? sql syntax
      Displays the main SQL help categories.

\? select
      Displays information about the SELECT SQL statement.

 MySQL  localhost:3306 ssl  world  SQL > create user 'userprueba'@'localhost' identified by '12345'
                                     ... ;
Query OK, 0 rows affected (0.1763 sec)

 MySQL  localhost:3306 ssl  world  SQL > \connect -c userprueba@localhost
The -c option is deprecated, please use --mysql or -mc instead
Creating a Classic session to 'userprueba@localhost'
Please provide the password for 'userprueba@localhost': *****
Save password for 'userprueba@localhost:3306'? [Y]es/[N]o/Ne[v]er (default No): Y
Fetching schema names for autocompletion... Press ^C to stop.
Closing old connection...
Your MySQL connection id is 49
Server version: 8.0.12 MySQL Community Server - GPL
No default schema selected; type \use <schema> to set one.

 MySQL  localhost:3306 ssl  SQL > show databases;
+--------------------+
| Database           |
+--------------------+
| information_schema |
+--------------------+
1 row in set (0.0009 sec)

 MySQL  localhost:3306 ssl  SQL > select * from mysql.user;
ERROR: 1142 (42000): SELECT command denied to user 'userprueba'@'localhost' for table 'user'

 MySQL  localhost:3306 ssl  SQL > \connect -c root@localhost
The -c option is deprecated, please use --mysql or -mc instead
Creating a Classic session to 'root@localhost'
Please provide the password for 'root@localhost': ****
Save password for 'root@localhost:3306'? [Y]es/[N]o/Ne[v]er (default No): Y
Fetching schema names for autocompletion... Press ^C to stop.
Closing old connection...
Your MySQL connection id is 50
Server version: 8.0.12 MySQL Community Server - GPL
No default schema selected; type \use <schema> to set one.

 MySQL  localhost:3306 ssl  SQL > show databases;
+--------------------+
| Database           |
+--------------------+
| evaluacion_1       |
| information_schema |
| mysql              |
| performance_schema |
| sakila             |
| sys                |
| world              |
+--------------------+
7 rows in set (0.0009 sec)

 MySQL  localhost:3306 ssl  SQL > select user from mysql.user;
+------------------+
| user             |
+------------------+
| ale              |
| mysql.infoschema |
| mysql.session    |
| mysql.sys        |
| root             |
| userprueba       |
+------------------+
6 rows in set (0.0015 sec)

 MySQL  localhost:3306 ssl  SQL >\QUIT