
Copyright (c) 2016, 2018, Oracle and/or its affiliates. All rights reserved.

Oracle is a registered trademark of Oracle Corporation and/or its
affiliates. Other names may be trademarks of their respective
owners.

Type '\help' or '\?' for help; '\quit' to exit.


 MySQL  JS > \sql
Switching to SQL mode... Commands end with ;

 MySQL  SQL > \connect -c root@localhost
The -c option is deprecated, please use --mysql or -mc instead
Creating a Classic session to 'root@localhost'
Please provide the password for 'root@localhost': ****
Save password for 'root@localhost:3306'? [Y]es/[N]o/Ne[v]er (default No): Y
Fetching schema names for autocompletion... Press ^C to stop.
Your MySQL connection id is 8
Server version: 8.0.12 MySQL Community Server - GPL
No default schema selected; type \use <schema> to set one.

 MySQL  localhost:3306 ssl  SQL > show databases;
+--------------------+
| Database           |
+--------------------+
| evaluacion_1       |
| information_schema |
| mysql              |
| performance_schema |
| sakila             |
| sys                |
| world              |
+--------------------+
7 rows in set (0.0009 sec)

 MySQL  localhost:3306 ssl  SQL > \use evaluacion_1
Default schema set to `evaluacion_1`.
Fetching table and column names from `evaluacion_1` for auto-completion... Press ^C to stop.

 MySQL  localhost:3306 ssl  evaluacion_1  SQL > show tables;
+------------------------+
| Tables_in_evaluacion_1 |
+------------------------+
| carrera                |
| estudiante             |
| horario                |
| jobs                   |
| materias               |
| nueva_carrera          |
| nueva_carrerota        |
| paises_del_mundo       |
| personal               |
| personal2              |
+------------------------+
10 rows in set (0.0023 sec)

 MySQL  localhost:3306 ssl  evaluacion_1  SQL > select user from mysql.user;
+------------------+
| user             |
+------------------+
| ale              |
| mysql.infoschema |
| mysql.session    |
| mysql.sys        |
| root             |
| userprueba       |
+------------------+
6 rows in set (0.0009 sec)

 MySQL  localhost:3306 ssl  evaluacion_1  SQL > create user 'total_user'@'localhost'
                                            ... identified by '12345';
Query OK, 0 rows affected (0.2262 sec)

 MySQL  localhost:3306 ssl  evaluacion_1  SQL > select user from mysql.user;
+------------------+
| user             |
+------------------+
| ale              |
| mysql.infoschema |
| mysql.session    |
| mysql.sys        |
| root             |
| total_user       |
| userprueba       |
+------------------+
7 rows in set (0.0005 sec)

 MySQL  localhost:3306 ssl  evaluacion_1  SQL > \CONNECT -C total_user@localhost
                                            ... ;
ERROR: 1064 (42000): You have an error in your SQL syntax; check the manual that corresponds to your MySQL server version for the right syntax to use near '\CONNECT -C total_user@localhost' at line 1

 MySQL  localhost:3306 ssl  evaluacion_1  SQL > \connect -c toral_user@localhost
The -c option is deprecated, please use --mysql or -mc instead
Creating a Classic session to 'toral_user@localhost'
Please provide the password for 'toral_user@localhost': *****
MySQL Error 1045 (28000): Access denied for user 'toral_user'@'localhost' (using password: YES)

 MySQL  localhost:3306 ssl  evaluacion_1  SQL > \connect -c total_user@localhost
The -c option is deprecated, please use --mysql or -mc instead
Creating a Classic session to 'total_user@localhost'
Please provide the password for 'total_user@localhost': *****
Save password for 'total_user@localhost:3306'? [Y]es/[N]o/Ne[v]er (default No): Y
Fetching schema names for autocompletion... Press ^C to stop.
Closing old connection...
Your MySQL connection id is 15
Server version: 8.0.12 MySQL Community Server - GPL
No default schema selected; type \use <schema> to set one.

 MySQL  localhost:3306 ssl  SQL > set password for 'total_user'@'localhost' = '123456';
Query OK, 0 rows affected (0.2632 sec)

 MySQL  localhost:3306 ssl  SQL > \connect -c total_user@localhost
The -c option is deprecated, please use --mysql or -mc instead
Creating a Classic session to 'total_user@localhost'
Please provide the password for 'total_user@localhost': ******
Save password for 'total_user@localhost:3306'? [Y]es/[N]o/Ne[v]er (default No): Y
Fetching schema names for autocompletion... Press ^C to stop.
Closing old connection...
Your MySQL connection id is 18
Server version: 8.0.12 MySQL Community Server - GPL
No default schema selected; type \use <schema> to set one.

 MySQL  localhost:3306 ssl  SQL > \connect -c root@localhost
The -c option is deprecated, please use --mysql or -mc instead
Creating a Classic session to 'root@localhost'
Please provide the password for 'root@localhost': ****
Save password for 'root@localhost:3306'? [Y]es/[N]o/Ne[v]er (default No): Y
Fetching schema names for autocompletion... Press ^C to stop.
Closing old connection...
Your MySQL connection id is 19
Server version: 8.0.12 MySQL Community Server - GPL
No default schema selected; type \use <schema> to set one.

 MySQL  localhost:3306 ssl  SQL > alter user 'total_user'@'localhost' identified by '12345';
Query OK, 0 rows affected (0.1808 sec)

 MySQL  localhost:3306 ssl  SQL > \connect -c total_user@localhost
The -c option is deprecated, please use --mysql or -mc instead
Creating a Classic session to 'total_user@localhost'
Please provide the password for 'total_user@localhost': *****
Save password for 'total_user@localhost:3306'? [Y]es/[N]o/Ne[v]er (default No): Y
Fetching schema names for autocompletion... Press ^C to stop.
Closing old connection...
Your MySQL connection id is 20
Server version: 8.0.12 MySQL Community Server - GPL
No default schema selected; type \use <schema> to set one.

 MySQL  localhost:3306 ssl  SQL > select version();
+-----------+
| version() |
+-----------+
| 8.0.12    |
+-----------+
1 row in set (0.0005 sec)



 MySQL  localhost:3306 ssl  SQL > show databases;
+--------------------+
| Database           |
+--------------------+
| information_schema |
+--------------------+
1 row in set (0.0012 sec)

 MySQL  localhost:3306 ssl  SQL > \connect -c root@localhost
The -c option is deprecated, please use --mysql or -mc instead
Creating a Classic session to 'root@localhost'
Please provide the password for 'root@localhost': ****
Save password for 'root@localhost:3306'? [Y]es/[N]o/Ne[v]er (default No): Y
Fetching schema names for autocompletion... Press ^C to stop.
Closing old connection...
Your MySQL connection id is 21
Server version: 8.0.12 MySQL Community Server - GPL
No default schema selected; type \use <schema> to set one.

 MySQL  localhost:3306 ssl  SQL > show databases;
+--------------------+
| Database           |
+--------------------+
| evaluacion_1       |
| information_schema |
| mysql              |
| performance_schema |
| sakila             |
| sys                |
| world              |
+--------------------+
7 rows in set (0.0009 sec)

 MySQL  localhost:3306 ssl  SQL > grant all on evaluacion_1.* to 'total_user'@'localhost';
Query OK, 0 rows affected (0.3710 sec)

 MySQL  localhost:3306 ssl  SQL > \connect -c total_user@localhost
The -c option is deprecated, please use --mysql or -mc instead
Creating a Classic session to 'total_user@localhost'
Please provide the password for 'total_user@localhost': *****
Save password for 'total_user@localhost:3306'? [Y]es/[N]o/Ne[v]er (default No): y
Fetching schema names for autocompletion... Press ^C to stop.
Closing old connection...
Your MySQL connection id is 22
Server version: 8.0.12 MySQL Community Server - GPL
No default schema selected; type \use <schema> to set one.

 MySQL  localhost:3306 ssl  SQL > show databases;
+--------------------+
| Database           |
+--------------------+
| evaluacion_1       |
| information_schema |
+--------------------+
2 rows in set (0.0009 sec)

 MySQL  localhost:3306 ssl  SQL > \use evaluacion_1
Default schema set to `evaluacion_1`.
Fetching table and column names from `evaluacion_1` for auto-completion... Press ^C to stop.

 MySQL  localhost:3306 ssl  evaluacion_1  SQL > desc evaluacion_1;
ERROR: 1146 (42S02): Table 'evaluacion_1.evaluacion_1' doesn't exist

 MySQL  localhost:3306 ssl  evaluacion_1  SQL > \connect -c root@localhost
The -c option is deprecated, please use --mysql or -mc instead
Creating a Classic session to 'root@localhost'
Please provide the password for 'root@localhost': ****
Save password for 'root@localhost:3306'? [Y]es/[N]o/Ne[v]er (default No): Y
Fetching schema names for autocompletion... Press ^C to stop.
Closing old connection...
Your MySQL connection id is 23
Server version: 8.0.12 MySQL Community Server - GPL
No default schema selected; type \use <schema> to set one.

 MySQL  localhost:3306 ssl  SQL > create user 'solo_tabla'@'localhost' indetified by '12345';
ERROR: 1064 (42000): You have an egrant all on evaluacion_1.paises_del_mundo to 'solo_tabla'@'localhost';L server version for the right syntax to use near 'indetified by '1
Query OK, 0 rows affected (0.2594 sec)t all on evaluacion_1.paises_del_mundo to 'solo_tabla'@'localhost';
                                  grant all on evaluacion_1.paises_del_mundo to 'solo_tabla'@'localhost'
 MySQL  localhost:3306 ssl  SQL > grant all on evaluacion_1.paises_del_mundo to 'solo_tabla'@'localhost
ERROR: 1064 (42000): You have an egrant all on evaluacion_1.paises_del_mundo to 'solo_tabla'@'localhoes QL server version for the right syntax to use near 'indentified by '
12345'' at line 1                 grant all on evaluacion_1.paises_del_mundo to 'solo_tabla'@'localhoest
                                  grant all on evaluacion_1.paises_del_mundo to 'solo_tabla'@'localhoest'
 MySQL  localhost:3306 ssl  SQL > grant all on evaluacion_1.paises_del_mundo to 'solo_tabla'@'localhoest';
Query OK, 0 rows affected (0.0907 grant all on evaluacion_1.paises_del_mundo to 'solo_tabla'@'localhoest'
                                  grant all on evaluacion_1.paises_del_mundo to 'solo_tabla'@'localhoest
 MySQL  localhost:3306 ssl  SQL > grant all on evaluacion_1.paises_del_mundo to 'solo_tabla'@'localhoes

 MySQL  localhost:3306 ssl  SQL > create user 'solo_select'@'localhost' identified by '12345';
Query OK, 0 rows affected (0.1726 sec)

 MySQL  localhost:3306 ssl  SQL > grant select on evaluacion_.paises_del_mundo
                              ... to 'solo_select'@'localhost';
ERROR: 1146 (42S02): Table 'evaluacion_.paises_del_mundo' doesn't exist

 MySQL  localhost:3306 ssl  SQL > shows data bases
                              ... ;
ERROR: 1064 (42000): You have an error in your SQL syntax; check the manual that corresponds to your MySQL server version for the right syntax to use near 'shows data bases' at line 1

 MySQL  localhost:3306 ssl  SQL > shows databases;
ERROR: 1064 (42000): You have an error in your SQL syntax; check the manual that corresponds to your MySQL server version for the right syntax to use near 'shows databases' at line 1

 MySQL  localhost:3306 ssl  SQL > show databases;
+--------------------+
| Database           |
+--------------------+
| evaluacion_1       |
| information_schema |
| mysql              |
| performance_schema |
| sakila             |
| sys                |
| world              |
+--------------------+
7 rows in set (0.0011 sec)

 MySQL  localhost:3306 ssl  SQL > \use evaluacion_1
Default schema set to `evaluacion_1`.
Fetching table and column names from `evaluacion_1` for auto-completion... Press ^C to stop.

 MySQL  localhost:3306 ssl  evaluacion_1  SQL > desc evaluacion_1;
ERROR: 1146 (42S02): Table 'evaluacion_1.evaluacion_1' doesn't exist

 MySQL  localhost:3306 ssl  evaluacion_1  SQL > show tables;
+------------------------+
| Tables_in_evaluacion_1 |
+------------------------+
| carrera                |
| estudiante             |
| horario                |
| jobs                   |
| materias               |
| nueva_carrera          |
| nueva_carrerota        |
| paises_del_mundo       |
| personal               |
| personal2              |
+------------------------+
10 rows in set (0.0016 sec)

 MySQL  localhost:3306 ssl  evaluacion_1  SQL > grant select on evaluacion_1.paises_del_mundo to 'solo_select'@'localhost';
Query OK, 0 rows affected (0.1897 sec)

 MySQL  localhost:3306 ssl  evaluacion_1  SQL > \connect -c solo_select@localhost
The -c option is deprecated, please use --mysql or -mc instead
Creating a Classic session to 'solo_select@localhost'
Please provide the password for 'solo_select@localhost': *****
Save password for 'solo_select@localhost:3306'? [Y]es/[N]o/Ne[v]er (default No): Y
Fetching schema names for autocompletion... Press ^C to stop.
Closing old connection...
Your MySQL connection id is 24
Server version: 8.0.12 MySQL Community Server - GPL
No default schema selected; type \use <schema> to set one.

 MySQL  localhost:3306 ssl  SQL > show databases;
+--------------------+
| Database           |
+--------------------+
| evaluacion_1       |
| information_schema |
+--------------------+
2 rows in set (0.0009 sec)

 MySQL  localhost:3306 ssl  SQL > \use evaluacion_1
Default schema set to `evaluacion_1`.
Fetching table and column names from `evaluacion_1` for auto-completion... Press ^C to stop.

 MySQL  localhost:3306 ssl  evaluacion_1  SQL > show tables
                                            ... ;
+------------------------+
| Tables_in_evaluacion_1 |
+------------------------+
| paises_del_mundo       |
+------------------------+
1 row in set (0.0015 sec)

 MySQL  localhost:3306 ssl  evaluacion_1  SQL > drop table paises_del_mundo;
ERROR: 1142 (42000): DROP command denied to user 'solo_select'@'localhost' for table 'paises_del_mundo'

 MySQL  localhost:3306 ssl  evaluacion_1  SQL > delete from * paises_del_mundo;
ERROR: 1064 (42000): You have an error in your SQL syntax; check the manual that corresponds to your MySQL server version for the right syntax to use near '* paises_del_mundo' at line 1

 MySQL  localhost:3306 ssl  evaluacion_1  SQL > select * from paises_del_mundo;
+-------+--------+-----------+------------+
| clave | nombre | poblacion | continente |
+-------+--------+-----------+------------+
|     1 | Mexico | 120000000 | America    |
+-------+--------+-----------+------------+
1 row in set (0.1309 sec)

 MySQL  localhost:3306 ssl  evaluacion_1  SQL > \connect -c root@localhost
The -c option is deprecated, please use --mysql or -mc instead
Creating a Classic session to 'root@localhost'
Please provide the password for 'root@localhost': ****
Save password for 'root@localhost:3306'? [Y]es/[N]o/Ne[v]er (default No): Y
Fetching schema names for autocompletion... Press ^C to stop.
Closing old connection...
Your MySQL connection id is 25
Server version: 8.0.12 MySQL Community Server - GPL
No default schema selected; type \use <schema> to set one.

 MySQL  localhost:3306 ssl  SQL > \use evaluacion_1
Default schema set to `evaluacion_1`.
Fetching table and column names from `evaluacion_1` for auto-completion... Press ^C to stop.

 MySQL  localhost:3306 ssl  evaluacion_1  SQL > show tables;
+------------------------+
| Tables_in_evaluacion_1 |
+------------------------+
| carrera                |
| estudiante             |
| horario                |
| jobs                   |
| materias               |
| nueva_carrera          |
| nueva_carrerota        |
| paises_del_mundo       |
| personal               |                      
10 rows in set (0.0016 sec)  

MySQL  localhost:3306 ssl  evaluacion_1  SQL > alter table paises_del_mundo rename  paises_del_mundo
                                            ... to paises;
ERROR: 1064 (42000): You have an error in your SQL syntax; check the manual that corresponds to your MySQL server version for the right syntax to use near 'to paises' at line 2

 MySQL  localhost:3306 ssl  evaluacion_1  SQL > alter table paises_del_mundo rename  paises_del_mundo  paises;
ERROR: 1064 (42000): You have an error in your SQL syntax; check the manual that corresponds to your MySQL server version for the right syntax to use near 'paises' at line 1

 MySQL  localhost:3306 ssl  evaluacion_1  SQL > alter table paises_del_mundo rename paises;
Query OK, 0 rows affected (0.5663 sec)

 MySQL  localhost:3306 ssl  evaluacion_1  SQL > show tables;
+------------------------+
| Tables_in_evaluacion_1 |
+------------------------+
| carrera                |
| estudiante             |
| horario                |
| jobs                   |
| materias               |
| nueva_carrera          |
| nueva_carrerota        |
| paises                 |
| personal               |
| personal2              |
+------------------------+
10 rows in set (0.0019 sec)

 MySQL  localhost:3306 ssl  evaluacion_1  SQL > select user from mysql.user;
+------------------+
| user             |
+------------------+
| ale              |
| mysql.infoschema |
| mysql.session    |
| mysql.sys        |
| root             |
| solo_select      |
| solo_tabla       |
| total_user       |
| userprueba       |
+------------------+
9 rows in set (0.0010 sec)

 MySQL  localhost:3306 ssl  evaluacion_1  SQL > \connect -c solo_select@localhost
The -c option is deprecated, please use --mysql or -mc instead
Creating a Classic session to 'solo_select@localhost'
Please provide the password for 'solo_select@localhost':
MySQL Error 1045 (28000): Access denied for user 'solo_select'@'localhost' (using password: NO)

 MySQL  localhost:3306 ssl  evaluacion_1  SQL > \connect -c solo_select@localhost
The -c option is deprecated, please use --mysql or -mc instead
Creating a Classic session to 'solo_select@localhost'
Please provide the password for 'solo_select@localhost': *****
Save password for 'solo_select@localhost:3306'? [Y]es/[N]o/Ne[v]er (default No): Y
Fetching schema names for autocompletion... Press ^C to stop.
Closing old connection...
Your MySQL connection id is 27
Server version: 8.0.12 MySQL Community Server - GPL
No default schema selected; type \use <schema> to set one.

 MySQL  localhost:3306 ssl  SQL > show databases;
+--------------------+
| Database           |
+--------------------+
| evaluacion_1       |
| information_schema |
+--------------------+
2 rows in set (0.0010 sec)

 MySQL  localhost:3306 ssl  SQL > \use evaluacion_1
Default schema set to `evaluacion_1`.
Fetching table and column names from `evaluacion_1` for auto-completion... Press ^C to stop.

 MySQL  localhost:3306 ssl  evaluacion_1  SQL > show tables;
Empty set (0.0014 sec)

 MySQL  localhost:3306 ssl  evaluacion_1  SQL > \connect -c root@localhost
The -c option is deprecated, please use --mysql or -mc instead
Creating a Classic session to 'root@localhost'
Please provide the password for 'root@localhost': ****
Save password for 'root@localhost:3306'? [Y]es/[N]o/Ne[v]er (default No): Y
Fetching schema names for autocompletion... Press ^C to stop.
Closing old connection...
Your MySQL connection id is 28
Server version: 8.0.12 MySQL Community Server - GPL
No default schema selected; type \use <schema> to set one.

 MySQL  localhost:3306 ssl  SQL > grant select on evaluacion_1.paises to
                              ... 'solo_select'@'localhost';
Query OK, 0 rows affected (0.1752 sec)

 MySQL  localhost:3306 ssl  SQL > \connect -c solo_select@localhost
The -c option is deprecated, please use --mysql or -mc instead
Creating a Classic session to 'solo_select@localhost'
Please provide the password for 'solo_select@localhost': *****
Save password for 'solo_select@localhost:3306'? [Y]es/[N]o/Ne[v]er (default No): Y
Fetching schema names for autocompletion... Press ^C to stop.
Closing old connection...
Your MySQL connection id is 29
Server version: 8.0.12 MySQL Community Server - GPL
No default schema selected; type \use <schema> to set one.

 MySQL  localhost:3306 ssl  SQL > show databases;
+--------------------+
| Database           |
+--------------------+
| evaluacion_1       |
| information_schema |
+--------------------+
2 rows in set (0.0009 sec)

 MySQL  localhost:3306 ssl  SQL > \use evaluacion_1
Default schema set to `evaluacion_1`.
Fetching table and column names from `evaluacion_1` for auto-completion... Press ^C to stop.

 MySQL  localhost:3306 ssl  evaluacion_1  SQL > show tables;
+------------------------+
| Tables_in_evaluacion_1 |
+------------------------+
| paises                 |
+------------------------+
1 row in set (0.0014 sec)

 MySQL  localhost:3306 ssl  evaluacion_1  SQL > desc paises;
+------------+----------------------------------------------------+------+-----+---------+----------------+
| Field      | Type                                               | Null | Key | Default | Extra          |
+------------+----------------------------------------------------+------+-----+---------+----------------+
| clave      | int(11)                                            | NO   | PRI | NULL    | auto_increment |
| nombre     | varchar(50)                                        | NO   | UNI | NULL    |                |
| poblacion  | int(11)                                            | YES  |     | 1       |                |
| continente | enum('Africa','America','Asia','Oceania','Europa') | YES  |     | NULL    |                |
+------------+----------------------------------------------------+------+-----+---------+----------------+
4 rows in set (0.0017 sec)

 MySQL  localhost:3306 ssl  evaluacion_1  SQL > select * from paises;
+-------+--------+-----------+------------+
| clave | nombre | poblacion | continente |
+-------+--------+-----------+------------+
|     1 | Mexico | 120000000 | America    |
+-------+--------+-----------+------------+
1 row in set (0.0014 sec)





