MySQL Shell 8.0.12

Copyright (c) 2016, 2018, Oracle and/or its affiliates. All rights reserved.

Oracle is a registered trademark of Oracle Corporation and/or its
affiliates. Other names may be trademarks of their respective
owners.

Type '\help' or '\?' for help; '\quit' to exit.


 MySQL  JS > \sql
Switching to SQL mode... Commands end with ;

 MySQL  SQL > \connect -c root@localhost
The -c option is deprecated, please use --mysql or -mc instead
Creating a Classic session to 'root@localhost'
Please provide the password for 'root@localhost': ****
Save password for 'root@localhost:3306'? [Y]es/[N]o/Ne[v]er (default No): y
Fetching schema names for autocompletion... Press ^C to stop.
Your MySQL connection id is 78
Server version: 8.0.12 MySQL Community Server - GPL
No default schema selected; type \use <schema> to set one.

 MySQL  localhost:3306 ssl  SQL > \use
 northwind                        \use northwind
Default schema set to `northwind`.
Fetching table and column names from `northwind` for auto-completion... Press ^C to stop.

> show tables;
+-----------------------------+
| Tables_in_northwind         |
+-----------------------------+
| customers                   |
| employee_privileges         |
| employees                   |
| inventory_transaction_types |
| inventory_transactions      |
| invoices                    |
| order_details               |
| order_details_status        |
| orders                      |
| orders_status               |
| orders_tax_status           |
| privileges                  |
| products                    |
| purchase_order_details      |
| purchase_order_status       |
| purchase_orders             |
| sales_reports               |
| shippers                    |
| strings                     |
| suppliers                   |
+-----------------------------+
20 rows in set (0.0014 sec)

>
 MySQL  localhost:3306 ssl  northwind  SQL >
 MySQL  localhost:3306 ssl  northwind  SQL > \use sakila
Default schema set to `sakila`.
Fetching table and column names from `sakila` for auto-completion... Press ^C to stop.

 MySQL  localhost:3306 ssl  sakila  SQL > show tables;
+----------------------------+
| Tables_in_sakila           |
+----------------------------+
| actor                      |
| actor_info                 |
| address                    |
| category                   |
| city                       |
| country                    |
| customer                   |
| customer_list              |
| film                       |
| film_actor                 |
| film_category              |
| film_list                  |
| film_text                  |
| inventory                  |
| language                   |
| nicer_but_slower_film_list |
| payment                    |
| rental                     |
| sales_by_film_category     |
| sales_by_store             |
| staff                      |
| staff_list                 |
| store                      |
+----------------------------+
23 rows in set (0.0017 sec)

 MySQL  localhost:3306 ssl  sakila  SQL > select count(*) from actor;
+----------+
| count(*) |
+----------+
|      200 |
+----------+
1 row in set (0.1527 sec)

 MySQL  localhost:3306 ssl  sakila  SQL > select count(*) from STAFF;
+----------+
| count(*) |
+----------+
|        2 |
+----------+
1 row in set (0.1169 sec)

 MySQL  localhost:3306 ssl  sakila  SQL > DESC ACTOR;
+-------------+----------------------+------+-----+-------------------+-----------------------------+
| Field       | Type                 | Null | Key | Default           | Extra                       |
+-------------+----------------------+------+-----+-------------------+-----------------------------+
| actor_id    | smallint(5) unsigned | NO   | PRI | NULL              | auto_increment              |
| first_name  | varchar(45)          | NO   |     | NULL              |                             |
| last_name   | varchar(45)          | NO   | MUL | NULL              |                             |
| last_update | timestamp            | NO   |     | CURRENT_TIMESTAMP | on update CURRENT_TIMESTAMP |
+-------------+----------------------+------+-----+-------------------+-----------------------------+
4 rows in set (0.0022 sec)

 MySQL  localhost:3306 ssl  sakila  SQL > DESC CUSTUMER;
ERROR: 1146 (42S02): Table 'sakila.custumer' doesn't exist

 MySQL  localhost:3306 ssl  sakila  SQL > DESC CUSTUMER;CUSTOMER;
ERROR: 1146 (42S02): Table 'sakila.custumer' doesn't exist
ERROR: 1064 (42000): You have an error in your SQL syntax; check the manual that corresponds to your MySQL server version for the right syntax to use near 'CUSTOMER' at line 1

 MySQL  localhost:3306 ssl  sakila  SQL > DESC CUSTOMER;
+-------------+----------------------+------+-----+-------------------+-----------------------------+
| Field       | Type                 | Null | Key | Default           | Extra                       |
+-------------+----------------------+------+-----+-------------------+-----------------------------+
| customer_id | smallint(5) unsigned | NO   | PRI | NULL              | auto_increment              |
| store_id    | tinyint(3) unsigned  | NO   | MUL | NULL              |                             |
| first_name  | varchar(45)          | NO   |     | NULL              |                             |
| last_name   | varchar(45)          | NO   | MUL | NULL              |                             |
| email       | varchar(50)          | YES  |     | NULL              |                             |
| address_id  | smallint(5) unsigned | NO   | MUL | NULL              |                             |
| active      | tinyint(1)           | NO   |     | 1                 |                             |
| create_date | datetime             | NO   |     | NULL              |                             |
| last_update | timestamp            | YES  |     | CURRENT_TIMESTAMP | on update CURRENT_TIMESTAMP |
+-------------+----------------------+------+-----+-------------------+-----------------------------+
9 rows in set (0.0019 sec)

 MySQL  localhost:3306 ssl  sakila  SQL > DESC STAFF;
+-------------+----------------------+------+-----+-------------------+-----------------------------+
| Field       | Type                 | Null | Key | Default           | Extra                       |
+-------------+----------------------+------+-----+-------------------+-----------------------------+
| staff_id    | tinyint(3) unsigned  | NO   | PRI | NULL              | auto_increment              |
| first_name  | varchar(45)          | NO   |     | NULL              |                             |
| last_name   | varchar(45)          | NO   |     | NULL              |                             |
| address_id  | smallint(5) unsigned | NO   | MUL | NULL              |                             |
| picture     | blob                 | YES  |     | NULL              |                             |
| email       | varchar(50)          | YES  |     | NULL              |                             |
| store_id    | tinyint(3) unsigned  | NO   | MUL | NULL              |                             |
| active      | tinyint(1)           | NO   |     | 1                 |                             |
| username    | varchar(16)          | NO   |     | NULL              |                             |
| password    | varchar(40)          | YES  |     | NULL              |                             |
| last_update | timestamp            | NO   |     | CURRENT_TIMESTAMP | on update CURRENT_TIMESTAMP |
+-------------+----------------------+------+-----+-------------------+-----------------------------+
11 rows in set (0.0019 sec)

 MySQL  localhost:3306 ssl  sakila  SQL > select first_name,last_name from actor;
+-------------+--------------+
| first_name  | last_name    |
+-------------+--------------+
| PENELOPE    | GUINESS      |
| NICK        | WAHLBERG     |
| ED          | CHASE        |
| JENNIFER    | DAVIS        |
| JOHNNY      | LOLLOBRIGIDA |
| BETTE       | NICHOLSON    |
| GRACE       | MOSTEL       |
| MATTHEW     | JOHANSSON    |
| JOE         | SWANK        |
| CHRISTIAN   | GABLE        |
| ZERO        | CAGE         |
| KARL        | BERRY        |
| UMA         | WOOD         |
| VIVIEN      | BERGEN       |
| CUBA        | OLIVIER      |
| FRED        | COSTNER      |
| HELEN       | VOIGHT       |
| DAN         | TORN         |
| BOB         | FAWCETT      |
| LUCILLE     | TRACY        |
| KIRSTEN     | PALTROW      |
| ELVIS       | MARX         |
| SANDRA      | KILMER       |
| CAMERON     | STREEP       |
| KEVIN       | BLOOM        |
| RIP         | CRAWFORD     |
| JULIA       | MCQUEEN      |
| WOODY       | HOFFMAN      |
| ALEC        | WAYNE        |
| SANDRA      | PECK         |
| SISSY       | SOBIESKI     |
| TIM         | HACKMAN      |
| MILLA       | PECK         |
| AUDREY      | OLIVIER      |
| JUDY        | DEAN         |
| BURT        | DUKAKIS      |
| VAL         | BOLGER       |
| TOM         | MCKELLEN     |
| GOLDIE      | BRODY        |
| JOHNNY      | CAGE         |
| JODIE       | DEGENERES    |
| TOM         | MIRANDA      |
| KIRK        | JOVOVICH     |
| NICK        | STALLONE     |
| REESE       | KILMER       |
| PARKER      | GOLDBERG     |
| JULIA       | BARRYMORE    |
| FRANCES     | DAY-LEWIS    |
| ANNE        | CRONYN       |
| NATALIE     | HOPKINS      |
| GARY        | PHOENIX      |
| CARMEN      | HUNT         |
| MENA        | TEMPLE       |
| PENELOPE    | PINKETT      |
| FAY         | KILMER       |
| DAN         | HARRIS       |
| JUDE        | CRUISE       |
| CHRISTIAN   | AKROYD       |
| DUSTIN      | TAUTOU       |
| HENRY       | BERRY        |
| CHRISTIAN   | NEESON       |
| JAYNE       | NEESON       |
| CAMERON     | WRAY         |
| RAY         | JOHANSSON    |
| ANGELA      | HUDSON       |
| MARY        | TANDY        |
| JESSICA     | BAILEY       |
| RIP         | WINSLET      |
| KENNETH     | PALTROW      |
| MICHELLE    | MCCONAUGHEY  |
| ADAM        | GRANT        |
| SEAN        | WILLIAMS     |
| GARY        | PENN         |
| MILLA       | KEITEL       |
| BURT        | POSEY        |
| ANGELINA    | ASTAIRE      |
| CARY        | MCCONAUGHEY  |
| GROUCHO     | SINATRA      |
| MAE         | HOFFMAN      |
| RALPH       | CRUZ         |
| SCARLETT    | DAMON        |
| WOODY       | JOLIE        |
| BEN         | WILLIS       |
| JAMES       | PITT         |
| MINNIE      | ZELLWEGER    |
| GREG        | CHAPLIN      |
| SPENCER     | PECK         |
| KENNETH     | PESCI        |
| CHARLIZE    | DENCH        |
| SEAN        | GUINESS      |
| CHRISTOPHER | BERRY        |
| KIRSTEN     | AKROYD       |
| ELLEN       | PRESLEY      |
| KENNETH     | TORN         |
| DARYL       | WAHLBERG     |
| GENE        | WILLIS       |
| MEG         | HAWKE        |
| CHRIS       | BRIDGES      |
| JIM         | MOSTEL       |
| SPENCER     | DEPP         |
| SUSAN       | DAVIS        |
| WALTER      | TORN         |
| MATTHEW     | LEIGH        |
| PENELOPE    | CRONYN       |
| SIDNEY      | CROWE        |
| GROUCHO     | DUNST        |
| GINA        | DEGENERES    |
| WARREN      | NOLTE        |
| SYLVESTER   | DERN         |
| SUSAN       | DAVIS        |
| CAMERON     | ZELLWEGER    |
| RUSSELL     | BACALL       |
| MORGAN      | HOPKINS      |
| MORGAN      | MCDORMAND    |
| HARRISON    | BALE         |
| DAN         | STREEP       |
| RENEE       | TRACY        |
| CUBA        | ALLEN        |
| WARREN      | JACKMAN      |
| PENELOPE    | MONROE       |
| LIZA        | BERGMAN      |
| SALMA       | NOLTE        |
| JULIANNE    | DENCH        |
| SCARLETT    | BENING       |
| ALBERT      | NOLTE        |
| FRANCES     | TOMEI        |
| KEVIN       | GARLAND      |
| CATE        | MCQUEEN      |
| DARYL       | CRAWFORD     |
| GRETA       | KEITEL       |
| JANE        | JACKMAN      |
| ADAM        | HOPPER       |
| RICHARD     | PENN         |
| GENE        | HOPKINS      |
| RITA        | REYNOLDS     |
| ED          | MANSFIELD    |
| MORGAN      | WILLIAMS     |
| LUCILLE     | DEE          |
| EWAN        | GOODING      |
| WHOOPI      | HURT         |
| CATE        | HARRIS       |
| JADA        | RYDER        |
| RIVER       | DEAN         |
| ANGELA      | WITHERSPOON  |
| KIM         | ALLEN        |
| ALBERT      | JOHANSSON    |
| FAY         | WINSLET      |
| EMILY       | DEE          |
| RUSSELL     | TEMPLE       |
| JAYNE       | NOLTE        |
| GEOFFREY    | HESTON       |
| BEN         | HARRIS       |
| MINNIE      | KILMER       |
| MERYL       | GIBSON       |
| IAN         | TANDY        |
| FAY         | WOOD         |
| GRETA       | MALDEN       |
| VIVIEN      | BASINGER     |
| LAURA       | BRODY        |
| CHRIS       | DEPP         |
| HARVEY      | HOPE         |
| OPRAH       | KILMER       |
| CHRISTOPHER | WEST         |
| HUMPHREY    | WILLIS       |
| AL          | GARLAND      |
| NICK        | DEGENERES    |
| LAURENCE    | BULLOCK      |
| WILL        | WILSON       |
| KENNETH     | HOFFMAN      |
| MENA        | HOPPER       |
| OLYMPIA     | PFEIFFER     |
| GROUCHO     | WILLIAMS     |
| ALAN        | DREYFUSS     |
| MICHAEL     | BENING       |
| WILLIAM     | HACKMAN      |
| JON         | CHASE        |
| GENE        | MCKELLEN     |
| LISA        | MONROE       |
| ED          | GUINESS      |
| JEFF        | SILVERSTONE  |
| MATTHEW     | CARREY       |
| DEBBIE      | AKROYD       |
| RUSSELL     | CLOSE        |
| HUMPHREY    | GARLAND      |
| MICHAEL     | BOLGER       |
| JULIA       | ZELLWEGER    |
| RENEE       | BALL         |
| ROCK        | DUKAKIS      |
| CUBA        | BIRCH        |
| AUDREY      | BAILEY       |
| GREGORY     | GOODING      |
| JOHN        | SUVARI       |
| BURT        | TEMPLE       |
| MERYL       | ALLEN        |
| JAYNE       | SILVERSTONE  |
| BELA        | WALKEN       |
| REESE       | WEST         |
| MARY        | KEITEL       |
| JULIA       | FAWCETT      |
| THORA       | TEMPLE       |
+-------------+--------------+
200 rows in set (0.0006 sec)

 MySQL  localhost:3306 ssl  sakila  SQL >
 MySQL  localhost:3306 ssl  sakila  SQL > select first_name,last_name from custoumer;
ERROR: 1146 (42S02): Table 'sakila.custoumer' doesn't exist

 MySQL  localhost:3306 ssl  sakila  SQL > select first_name,last_name from custmer;
ERROR: 1146 (42S02): Table 'sakila.custmer' doesn't exist

 MySQL  localhost:3306 ssl  sakila  SQL > select first_name,last_name from customer;
+-------------+--------------+
| first_name  | last_name    |
+-------------+--------------+
| MARY        | SMITH        |
| PATRICIA    | JOHNSON      |
| LINDA       | WILLIAMS     |
| BARBARA     | JONES        |
| ELIZABETH   | BROWN        |
| JENNIFER    | DAVIS        |
| MARIA       | MILLER       |
| SUSAN       | WILSON       |
| MARGARET    | MOORE        |
| DOROTHY     | TAYLOR       |
| LISA        | ANDERSON     |
| NANCY       | THOMAS       |
| KAREN       | JACKSON      |
| BETTY       | WHITE        |
| HELEN       | HARRIS       |
| SANDRA      | MARTIN       |
| DONNA       | THOMPSON     |
| CAROL       | GARCIA       |
| RUTH        | MARTINEZ     |
| SHARON      | ROBINSON     |
| MICHELLE    | CLARK        |
| LAURA       | RODRIGUEZ    |
| SARAH       | LEWIS        |
| KIMBERLY    | LEE          |
| DEBORAH     | WALKER       |
| JESSICA     | HALL         |
| SHIRLEY     | ALLEN        |
| CYNTHIA     | YOUNG        |
| ANGELA      | HERNANDEZ    |
| MELISSA     | KING         |
| BRENDA      | WRIGHT       |
| AMY         | LOPEZ        |
| ANNA        | HILL         |
| REBECCA     | SCOTT        |
| VIRGINIA    | GREEN        |
| KATHLEEN    | ADAMS        |
| PAMELA      | BAKER        |
| MARTHA      | GONZALEZ     |
| DEBRA       | NELSON       |
| AMANDA      | CARTER       |
| STEPHANIE   | MITCHELL     |
| CAROLYN     | PEREZ        |
| CHRISTINE   | ROBERTS      |
| MARIE       | TURNER       |
| JANET       | PHILLIPS     |
| CATHERINE   | CAMPBELL     |
| FRANCES     | PARKER       |
| ANN         | EVANS        |
| JOYCE       | EDWARDS      |
| DIANE       | COLLINS      |
| ALICE       | STEWART      |
| JULIE       | SANCHEZ      |
| HEATHER     | MORRIS       |
| TERESA      | ROGERS       |
| DORIS       | REED         |
| GLORIA      | COOK         |
| EVELYN      | MORGAN       |
| JEAN        | BELL         |
| CHERYL      | MURPHY       |
| MILDRED     | BAILEY       |
| KATHERINE   | RIVERA       |
| JOAN        | COOPER       |
| ASHLEY      | RICHARDSON   |
| JUDITH      | COX          |
| ROSE        | HOWARD       |
| JANICE      | WARD         |
| KELLY       | TORRES       |
| NICOLE      | PETERSON     |
| JUDY        | GRAY         |
| CHRISTINA   | RAMIREZ      |
| KATHY       | JAMES        |
| THERESA     | WATSON       |
| BEVERLY     | BROOKS       |
| DENISE      | KELLY        |
| TAMMY       | SANDERS      |
| IRENE       | PRICE        |
| JANE        | BENNETT      |
| LORI        | WOOD         |
| RACHEL      | BARNES       |
| MARILYN     | ROSS         |
| ANDREA      | HENDERSON    |
| KATHRYN     | COLEMAN      |
| LOUISE      | JENKINS      |
| SARA        | PERRY        |
| ANNE        | POWELL       |
| JACQUELINE  | LONG         |
| WANDA       | PATTERSON    |
| BONNIE      | HUGHES       |
| JULIA       | FLORES       |
| RUBY        | WASHINGTON   |
| LOIS        | BUTLER       |
| TINA        | SIMMONS      |
| PHYLLIS     | FOSTER       |
| NORMA       | GONZALES     |
| PAULA       | BRYANT       |
| DIANA       | ALEXANDER    |
| ANNIE       | RUSSELL      |
| LILLIAN     | GRIFFIN      |
| EMILY       | DIAZ         |
| ROBIN       | HAYES        |
| PEGGY       | MYERS        |
| CRYSTAL     | FORD         |
| GLADYS      | HAMILTON     |
| RITA        | GRAHAM       |
| DAWN        | SULLIVAN     |
| CONNIE      | WALLACE      |
| FLORENCE    | WOODS        |
| TRACY       | COLE         |
| EDNA        | WEST         |
| TIFFANY     | JORDAN       |
| CARMEN      | OWENS        |
| ROSA        | REYNOLDS     |
| CINDY       | FISHER       |
| GRACE       | ELLIS        |
| WENDY       | HARRISON     |
| VICTORIA    | GIBSON       |
| EDITH       | MCDONALD     |
| KIM         | CRUZ         |
| SHERRY      | MARSHALL     |
| SYLVIA      | ORTIZ        |
| JOSEPHINE   | GOMEZ        |
| THELMA      | MURRAY       |
| SHANNON     | FREEMAN      |
| SHEILA      | WELLS        |
| ETHEL       | WEBB         |
| ELLEN       | SIMPSON      |
| ELAINE      | STEVENS      |
| MARJORIE    | TUCKER       |
| CARRIE      | PORTER       |
| CHARLOTTE   | HUNTER       |
| MONICA      | HICKS        |
| ESTHER      | CRAWFORD     |
| PAULINE     | HENRY        |
| EMMA        | BOYD         |
| JUANITA     | MASON        |
| ANITA       | MORALES      |
| RHONDA      | KENNEDY      |
| HAZEL       | WARREN       |
| AMBER       | DIXON        |
| EVA         | RAMOS        |
| DEBBIE      | REYES        |
| APRIL       | BURNS        |
| LESLIE      | GORDON       |
| CLARA       | SHAW         |
| LUCILLE     | HOLMES       |
| JAMIE       | RICE         |
| JOANNE      | ROBERTSON    |
| ELEANOR     | HUNT         |
| VALERIE     | BLACK        |
| DANIELLE    | DANIELS      |
| MEGAN       | PALMER       |
| ALICIA      | MILLS        |
| SUZANNE     | NICHOLS      |
| MICHELE     | GRANT        |
| GAIL        | KNIGHT       |
| BERTHA      | FERGUSON     |
| DARLENE     | ROSE         |
| VERONICA    | STONE        |
| JILL        | HAWKINS      |
| ERIN        | DUNN         |
| GERALDINE   | PERKINS      |
| LAUREN      | HUDSON       |
| CATHY       | SPENCER      |
| JOANN       | GARDNER      |
| LORRAINE    | STEPHENS     |
| LYNN        | PAYNE        |
| SALLY       | PIERCE       |
| REGINA      | BERRY        |
| ERICA       | MATTHEWS     |
| BEATRICE    | ARNOLD       |
| DOLORES     | WAGNER       |
| BERNICE     | WILLIS       |
| AUDREY      | RAY          |
| YVONNE      | WATKINS      |
| ANNETTE     | OLSON        |
| JUNE        | CARROLL      |
| SAMANTHA    | DUNCAN       |
| MARION      | SNYDER       |
| DANA        | HART         |
| STACY       | CUNNINGHAM   |
| ANA         | BRADLEY      |
| RENEE       | LANE         |
| IDA         | ANDREWS      |
| VIVIAN      | RUIZ         |
| ROBERTA     | HARPER       |
| HOLLY       | FOX          |
| BRITTANY    | RILEY        |
| MELANIE     | ARMSTRONG    |
| LORETTA     | CARPENTER    |
| YOLANDA     | WEAVER       |
| JEANETTE    | GREENE       |
| LAURIE      | LAWRENCE     |
| KATIE       | ELLIOTT      |
| KRISTEN     | CHAVEZ       |
| VANESSA     | SIMS         |
| ALMA        | AUSTIN       |
| SUE         | PETERS       |
| ELSIE       | KELLEY       |
| BETH        | FRANKLIN     |
| JEANNE      | LAWSON       |
| VICKI       | FIELDS       |
| CARLA       | GUTIERREZ    |
| TARA        | RYAN         |
| ROSEMARY    | SCHMIDT      |
| EILEEN      | CARR         |
| TERRI       | VASQUEZ      |
| GERTRUDE    | CASTILLO     |
| LUCY        | WHEELER      |
| TONYA       | CHAPMAN      |
| ELLA        | OLIVER       |
| STACEY      | MONTGOMERY   |
| WILMA       | RICHARDS     |
| GINA        | WILLIAMSON   |
| KRISTIN     | JOHNSTON     |
| JESSIE      | BANKS        |
| NATALIE     | MEYER        |
| AGNES       | BISHOP       |
| VERA        | MCCOY        |
| WILLIE      | HOWELL       |
| CHARLENE    | ALVAREZ      |
| BESSIE      | MORRISON     |
| DELORES     | HANSEN       |
| MELINDA     | FERNANDEZ    |
| PEARL       | GARZA        |
| ARLENE      | HARVEY       |
| MAUREEN     | LITTLE       |
| COLLEEN     | BURTON       |
| ALLISON     | STANLEY      |
| TAMARA      | NGUYEN       |
| JOY         | GEORGE       |
| GEORGIA     | JACOBS       |
| CONSTANCE   | REID         |
| LILLIE      | KIM          |
| CLAUDIA     | FULLER       |
| JACKIE      | LYNCH        |
| MARCIA      | DEAN         |
| TANYA       | GILBERT      |
| NELLIE      | GARRETT      |
| MINNIE      | ROMERO       |
| MARLENE     | WELCH        |
| HEIDI       | LARSON       |
| GLENDA      | FRAZIER      |
| LYDIA       | BURKE        |
| VIOLA       | HANSON       |
| COURTNEY    | DAY          |
| MARIAN      | MENDOZA      |
| STELLA      | MORENO       |
| CAROLINE    | BOWMAN       |
| DORA        | MEDINA       |
| JO          | FOWLER       |
| VICKIE      | BREWER       |
| MATTIE      | HOFFMAN      |
| TERRY       | CARLSON      |
| MAXINE      | SILVA        |
| IRMA        | PEARSON      |
| MABEL       | HOLLAND      |
| MARSHA      | DOUGLAS      |
| MYRTLE      | FLEMING      |
| LENA        | JENSEN       |
| CHRISTY     | VARGAS       |
| DEANNA      | BYRD         |
| PATSY       | DAVIDSON     |
| HILDA       | HOPKINS      |
| GWENDOLYN   | MAY          |
| JENNIE      | TERRY        |
| NORA        | HERRERA      |
| MARGIE      | WADE         |
| NINA        | SOTO         |
| CASSANDRA   | WALTERS      |
| LEAH        | CURTIS       |
| PENNY       | NEAL         |
| KAY         | CALDWELL     |
| PRISCILLA   | LOWE         |
| NAOMI       | JENNINGS     |
| CAROLE      | BARNETT      |
| BRANDY      | GRAVES       |
| OLGA        | JIMENEZ      |
| BILLIE      | HORTON       |
| DIANNE      | SHELTON      |
| TRACEY      | BARRETT      |
| LEONA       | OBRIEN       |
| JENNY       | CASTRO       |
| FELICIA     | SUTTON       |
| SONIA       | GREGORY      |
| MIRIAM      | MCKINNEY     |
| VELMA       | LUCAS        |
| BECKY       | MILES        |
| BOBBIE      | CRAIG        |
| VIOLET      | RODRIQUEZ    |
| KRISTINA    | CHAMBERS     |
| TONI        | HOLT         |
| MISTY       | LAMBERT      |
| MAE         | FLETCHER     |
| SHELLY      | WATTS        |
| DAISY       | BATES        |
| RAMONA      | HALE         |
| SHERRI      | RHODES       |
| ERIKA       | PENA         |
| JAMES       | GANNON       |
| JOHN        | FARNSWORTH   |
| ROBERT      | BAUGHMAN     |
| MICHAEL     | SILVERMAN    |
| WILLIAM     | SATTERFIELD  |
| DAVID       | ROYAL        |
| RICHARD     | MCCRARY      |
| CHARLES     | KOWALSKI     |
| JOSEPH      | JOY          |
| THOMAS      | GRIGSBY      |
| CHRISTOPHER | GRECO        |
| DANIEL      | CABRAL       |
| PAUL        | TROUT        |
| MARK        | RINEHART     |
| DONALD      | MAHON        |
| GEORGE      | LINTON       |
| KENNETH     | GOODEN       |
| STEVEN      | CURLEY       |
| EDWARD      | BAUGH        |
| BRIAN       | WYMAN        |
| RONALD      | WEINER       |
| ANTHONY     | SCHWAB       |
| KEVIN       | SCHULER      |
| JASON       | MORRISSEY    |
| MATTHEW     | MAHAN        |
| GARY        | COY          |
| TIMOTHY     | BUNN         |
| JOSE        | ANDREW       |
| LARRY       | THRASHER     |
| JEFFREY     | SPEAR        |
| FRANK       | WAGGONER     |
| SCOTT       | SHELLEY      |
| ERIC        | ROBERT       |
| STEPHEN     | QUALLS       |
| ANDREW      | PURDY        |
| RAYMOND     | MCWHORTER    |
| GREGORY     | MAULDIN      |
| JOSHUA      | MARK         |
| JERRY       | JORDON       |
| DENNIS      | GILMAN       |
| WALTER      | PERRYMAN     |
| PATRICK     | NEWSOM       |
| PETER       | MENARD       |
| HAROLD      | MARTINO      |
| DOUGLAS     | GRAF         |
| HENRY       | BILLINGSLEY  |
| CARL        | ARTIS        |
| ARTHUR      | SIMPKINS     |
| RYAN        | SALISBURY    |
| ROGER       | QUINTANILLA  |
| JOE         | GILLILAND    |
| JUAN        | FRALEY       |
| JACK        | FOUST        |
| ALBERT      | CROUSE       |
| JONATHAN    | SCARBOROUGH  |
| JUSTIN      | NGO          |
| TERRY       | GRISSOM      |
| GERALD      | FULTZ        |
| KEITH       | RICO         |
| SAMUEL      | MARLOW       |
| WILLIE      | MARKHAM      |
| RALPH       | MADRIGAL     |
| LAWRENCE    | LAWTON       |
| NICHOLAS    | BARFIELD     |
| ROY         | WHITING      |
| BENJAMIN    | VARNEY       |
| BRUCE       | SCHWARZ      |
| BRANDON     | HUEY         |
| ADAM        | GOOCH        |
| HARRY       | ARCE         |
| FRED        | WHEAT        |
| WAYNE       | TRUONG       |
| BILLY       | POULIN       |
| STEVE       | MACKENZIE    |
| LOUIS       | LEONE        |
| JEREMY      | HURTADO      |
| AARON       | SELBY        |
| RANDY       | GAITHER      |
| HOWARD      | FORTNER      |
| EUGENE      | CULPEPPER    |
| CARLOS      | COUGHLIN     |
| RUSSELL     | BRINSON      |
| BOBBY       | BOUDREAU     |
| VICTOR      | BARKLEY      |
| MARTIN      | BALES        |
| ERNEST      | STEPP        |
| PHILLIP     | HOLM         |
| TODD        | TAN          |
| JESSE       | SCHILLING    |
| CRAIG       | MORRELL      |
| ALAN        | KAHN         |
| SHAWN       | HEATON       |
| CLARENCE    | GAMEZ        |
| SEAN        | DOUGLASS     |
| PHILIP      | CAUSEY       |
| CHRIS       | BROTHERS     |
| JOHNNY      | TURPIN       |
| EARL        | SHANKS       |
| JIMMY       | SCHRADER     |
| ANTONIO     | MEEK         |
| DANNY       | ISOM         |
| BRYAN       | HARDISON     |
| TONY        | CARRANZA     |
| LUIS        | YANEZ        |
| MIKE        | WAY          |
| STANLEY     | SCROGGINS    |
| LEONARD     | SCHOFIELD    |
| NATHAN      | RUNYON       |
| DALE        | RATCLIFF     |
| MANUEL      | MURRELL      |
| RODNEY      | MOELLER      |
| CURTIS      | IRBY         |
| NORMAN      | CURRIER      |
| ALLEN       | BUTTERFIELD  |
| MARVIN      | YEE          |
| VINCENT     | RALSTON      |
| GLENN       | PULLEN       |
| JEFFERY     | PINSON       |
| TRAVIS      | ESTEP        |
| JEFF        | EAST         |
| CHAD        | CARBONE      |
| JACOB       | LANCE        |
| LEE         | HAWKS        |
| MELVIN      | ELLINGTON    |
| ALFRED      | CASILLAS     |
| KYLE        | SPURLOCK     |
| FRANCIS     | SIKES        |
| BRADLEY     | MOTLEY       |
| JESUS       | MCCARTNEY    |
| HERBERT     | KRUGER       |
| FREDERICK   | ISBELL       |
| RAY         | HOULE        |
| JOEL        | FRANCISCO    |
| EDWIN       | BURK         |
| DON         | BONE         |
| EDDIE       | TOMLIN       |
| RICKY       | SHELBY       |
| TROY        | QUIGLEY      |
| RANDALL     | NEUMANN      |
| BARRY       | LOVELACE     |
| ALEXANDER   | FENNELL      |
| BERNARD     | COLBY        |
| MARIO       | CHEATHAM     |
| LEROY       | BUSTAMANTE   |
| FRANCISCO   | SKIDMORE     |
| MARCUS      | HIDALGO      |
| MICHEAL     | FORMAN       |
| THEODORE    | CULP         |
| CLIFFORD    | BOWENS       |
| MIGUEL      | BETANCOURT   |
| OSCAR       | AQUINO       |
| JAY         | ROBB         |
| JIM         | REA          |
| TOM         | MILNER       |
| CALVIN      | MARTEL       |
| ALEX        | GRESHAM      |
| JON         | WILES        |
| RONNIE      | RICKETTS     |
| BILL        | GAVIN        |
| LLOYD       | DOWD         |
| TOMMY       | COLLAZO      |
| LEON        | BOSTIC       |
| DEREK       | BLAKELY      |
| WARREN      | SHERROD      |
| DARRELL     | POWER        |
| JEROME      | KENYON       |
| FLOYD       | GANDY        |
| LEO         | EBERT        |
| ALVIN       | DELOACH      |
| TIM         | CARY         |
| WESLEY      | BULL         |
| GORDON      | ALLARD       |
| DEAN        | SAUER        |
| GREG        | ROBINS       |
| JORGE       | OLIVARES     |
| DUSTIN      | GILLETTE     |
| PEDRO       | CHESTNUT     |
| DERRICK     | BOURQUE      |
| DAN         | PAINE        |
| LEWIS       | LYMAN        |
| ZACHARY     | HITE         |
| COREY       | HAUSER       |
| HERMAN      | DEVORE       |
| MAURICE     | CRAWLEY      |
| VERNON      | CHAPA        |
| ROBERTO     | VU           |
| CLYDE       | TOBIAS       |
| GLEN        | TALBERT      |
| HECTOR      | POINDEXTER   |
| SHANE       | MILLARD      |
| RICARDO     | MEADOR       |
| SAM         | MCDUFFIE     |
| RICK        | MATTOX       |
| LESTER      | KRAUS        |
| BRENT       | HARKINS      |
| RAMON       | CHOATE       |
| CHARLIE     | BESS         |
| TYLER       | WREN         |
| GILBERT     | SLEDGE       |
| GENE        | SANBORN      |
| MARC        | OUTLAW       |
| REGINALD    | KINDER       |
| RUBEN       | GEARY        |
| BRETT       | CORNWELL     |
| ANGEL       | BARCLAY      |
| NATHANIEL   | ADAM         |
| RAFAEL      | ABNEY        |
| LESLIE      | SEWARD       |
| EDGAR       | RHOADS       |
| MILTON      | HOWLAND      |
| RAUL        | FORTIER      |
| BEN         | EASTER       |
| CHESTER     | BENNER       |
| CECIL       | VINES        |
| DUANE       | TUBBS        |
| FRANKLIN    | TROUTMAN     |
| ANDRE       | RAPP         |
| ELMER       | NOE          |
| BRAD        | MCCURDY      |
| GABRIEL     | HARDER       |
| RON         | DELUCA       |
| MITCHELL    | WESTMORELAND |
| ROLAND      | SOUTH        |
| ARNOLD      | HAVENS       |
| HARVEY      | GUAJARDO     |
| JARED       | ELY          |
| ADRIAN      | CLARY        |
| KARL        | SEAL         |
| CORY        | MEEHAN       |
| CLAUDE      | HERZOG       |
| ERIK        | GUILLEN      |
| DARRYL      | ASHCRAFT     |
| JAMIE       | WAUGH        |
| NEIL        | RENNER       |
| JESSIE      | MILAM        |
| CHRISTIAN   | JUNG         |
| JAVIER      | ELROD        |
| FERNANDO    | CHURCHILL    |
| CLINTON     | BUFORD       |
| TED         | BREAUX       |
| MATHEW      | BOLIN        |
| TYRONE      | ASHER        |
| DARREN      | WINDHAM      |
| LONNIE      | TIRADO       |
| LANCE       | PEMBERTON    |
| CODY        | NOLEN        |
| JULIO       | NOLAND       |
| KELLY       | KNOTT        |
| KURT        | EMMONS       |
| ALLAN       | CORNISH      |
| NELSON      | CHRISTENSON  |
| GUY         | BROWNLEE     |
| CLAYTON     | BARBEE       |
| HUGH        | WALDROP      |
| MAX         | PITT         |
| DWAYNE      | OLVERA       |
| DWIGHT      | LOMBARDI     |
| ARMANDO     | GRUBER       |
| FELIX       | GAFFNEY      |
| JIMMIE      | EGGLESTON    |
| EVERETT     | BANDA        |
| JORDAN      | ARCHULETA    |
| IAN         | STILL        |
| WALLACE     | SLONE        |
| KEN         | PREWITT      |
| BOB         | PFEIFFER     |
| JAIME       | NETTLES      |
| CASEY       | MENA         |
| ALFREDO     | MCADAMS      |
| ALBERTO     | HENNING      |
| DAVE        | GARDINER     |
| IVAN        | CROMWELL     |
| JOHNNIE     | CHISHOLM     |
| SIDNEY      | BURLESON     |
| BYRON       | BOX          |
| JULIAN      | VEST         |
| ISAAC       | OGLESBY      |
| MORRIS      | MCCARTER     |
| CLIFTON     | MALCOLM      |
| WILLARD     | LUMPKIN      |
| DARYL       | LARUE        |
| ROSS        | GREY         |
| VIRGIL      | WOFFORD      |
| ANDY        | VANHORN      |
| MARSHALL    | THORN        |
| SALVADOR    | TEEL         |
| PERRY       | SWAFFORD     |
| KIRK        | STCLAIR      |
| SERGIO      | STANFIELD    |
| MARION      | OCAMPO       |
| TRACY       | HERRMANN     |
| SETH        | HANNON       |
| KENT        | ARSENAULT    |
| TERRANCE    | ROUSH        |
| RENE        | MCALISTER    |
| EDUARDO     | HIATT        |
| TERRENCE    | GUNDERSON    |
| ENRIQUE     | FORSYTHE     |
| FREDDIE     | DUGGAN       |
| WADE        | DELVALLE     |
| AUSTIN      | CINTRON      |
+-------------+--------------+
599 rows in set (0.1243 sec)

 MySQL  localhost:3306 ssl  sakila  SQL > select first_name,last_name from staff;
+------------+-----------+
| first_name | last_name |
+------------+-----------+
| Mike       | Hillyer   |
| Jon        | Stephens  |
+------------+-----------+
2 rows in set (0.0005 sec)

 MySQL  localhost:3306 ssl  sakila  SQL > select first_name,last_name from actor limit 10;
+------------+--------------+
| first_name | last_name    |
+------------+--------------+
| PENELOPE   | GUINESS      |
| NICK       | WAHLBERG     |
| ED         | CHASE        |
| JENNIFER   | DAVIS        |
| JOHNNY     | LOLLOBRIGIDA |
| BETTE      | NICHOLSON    |
| GRACE      | MOSTEL       |
| MATTHEW    | JOHANSSON    |
| JOE        | SWANK        |
| CHRISTIAN  | GABLE        |
+------------+--------------+
10 rows in set (0.0004 sec)
                                          select first_name,last_name from actor order by last_name limit 1;   localhost:3306 ssl  sakila  SQL > select first_name,last_name from actor order by lastlimit 10;
+------------+-----------+
| first_name | last_name |
+------------+-----------+
| CHRISTIAN  | AKROYD    |
+------------+-----------+
1 row in set (0.1074 sec)

 MySQL  localhost:3306 ssl  sakila  SQL > select first_name,last_name from actor order by last_name desc limit 1;
+------------+-----------+
| first_name | last_name |
+------------+-----------+
| JULIA      | ZELLWEGER |
+------------+-----------+
1 row in set (0.0004 sec)

 MySQL  localhost:3306 ssl  sakila  SQL > \use evaluacion_2
Default schema set to `evaluacion_2`.
Fetching table and column names from `evaluacion_2` for auto-completion... Press ^C to stop.

 MySQL  localhost:3306 ssl  evaluacion_2  SQL > show tables;
+------------------------+
| Tables_in_evaluacion_2 |
+------------------------+
| a                      |
| b                      |
+------------------------+
2 rows in set (0.0016 sec)

 MySQL  localhost:3306 ssl  evaluacion_2  SQL > select * from a;
+--------+
| nombre |
+--------+
| 1      |
| 2      |
| 3      |
| 4      |
| 5      |
+--------+
5 rows in set (0.1209 sec)

 MySQL  localhost:3306 ssl  evaluacion_2  SQL > select * from b;
+--------+
| nombre |
+--------+
| A      |
| B      |
| C      |
| D      |
| E      |
+--------+
5 rows in set (0.0241 sec)

 MySQL  localhost:3306 ssl  evaluacion_2  SQL > select * from a
                                            ... union
                                            ... select * from b;
+--------+
| nombre |
+--------+
| 1      |
| 2      |
| 3      |
| 4      |
| 5      |
| A      |
| B      |
| C      |
| D      |
| E      |
+--------+
10 rows in set (0.0009 sec)

 MySQL  localhost:3306 ssl  evaluacion_2  SQL > select 'A', nombre from A union  select 'B', nombre from B;
+---+--------+
| A | nombre |
+---+--------+
| A | 1      |
| A | 2      |
| A | 3      |
| A | 4      |
| A | 5      |
| B | A      |
| B | B      |
| B | C      |
| B | D      |
| B | E      |
+---+--------+
10 rows in set (0.0005 sec)

 MySQL  localhost:3306 ssl  sakila  SQL > select first_name, last_name from actor
                                      ... union
                                      ... select first_name, last_name from staff;
+-------------+--------------+
| first_name  | last_name    |
+-------------+--------------+
| PENELOPE    | GUINESS      |
| NICK        | WAHLBERG     |
| ED          | CHASE        |
| JENNIFER    | DAVIS        |
| JOHNNY      | LOLLOBRIGIDA |
| BETTE       | NICHOLSON    |
| GRACE       | MOSTEL       |
| MATTHEW     | JOHANSSON    |
| JOE         | SWANK        |
| CHRISTIAN   | GABLE        |
| ZERO        | CAGE         |
| KARL        | BERRY        |
| UMA         | WOOD         |
| VIVIEN      | BERGEN       |
| CUBA        | OLIVIER      |
| FRED        | COSTNER      |
| HELEN       | VOIGHT       |
| DAN         | TORN         |
| BOB         | FAWCETT      |
| LUCILLE     | TRACY        |
| KIRSTEN     | PALTROW      |
| ELVIS       | MARX         |
| SANDRA      | KILMER       |
| CAMERON     | STREEP       |
| KEVIN       | BLOOM        |
| RIP         | CRAWFORD     |
| JULIA       | MCQUEEN      |
| WOODY       | HOFFMAN      |
| ALEC        | WAYNE        |
| SANDRA      | PECK         |
| SISSY       | SOBIESKI     |
| TIM         | HACKMAN      |
| MILLA       | PECK         |
| AUDREY      | OLIVIER      |
| JUDY        | DEAN         |
| BURT        | DUKAKIS      |
| VAL         | BOLGER       |
| TOM         | MCKELLEN     |
| GOLDIE      | BRODY        |
| JOHNNY      | CAGE         |
| JODIE       | DEGENERES    |
| TOM         | MIRANDA      |
| KIRK        | JOVOVICH     |
| NICK        | STALLONE     |
| REESE       | KILMER       |
| PARKER      | GOLDBERG     |
| JULIA       | BARRYMORE    |
| FRANCES     | DAY-LEWIS    |
| ANNE        | CRONYN       |
| NATALIE     | HOPKINS      |
| GARY        | PHOENIX      |
| CARMEN      | HUNT         |
| MENA        | TEMPLE       |
| PENELOPE    | PINKETT      |
| FAY         | KILMER       |
| DAN         | HARRIS       |
| JUDE        | CRUISE       |
| CHRISTIAN   | AKROYD       |
| DUSTIN      | TAUTOU       |
| HENRY       | BERRY        |
| CHRISTIAN   | NEESON       |
| JAYNE       | NEESON       |
| CAMERON     | WRAY         |
| RAY         | JOHANSSON    |
| ANGELA      | HUDSON       |
| MARY        | TANDY        |
| JESSICA     | BAILEY       |
| RIP         | WINSLET      |
| KENNETH     | PALTROW      |
| MICHELLE    | MCCONAUGHEY  |
| ADAM        | GRANT        |
| SEAN        | WILLIAMS     |
| GARY        | PENN         |
| MILLA       | KEITEL       |
| BURT        | POSEY        |
| ANGELINA    | ASTAIRE      |
| CARY        | MCCONAUGHEY  |
| GROUCHO     | SINATRA      |
| MAE         | HOFFMAN      |
| RALPH       | CRUZ         |
| SCARLETT    | DAMON        |
| WOODY       | JOLIE        |
| BEN         | WILLIS       |
| JAMES       | PITT         |
| MINNIE      | ZELLWEGER    |
| GREG        | CHAPLIN      |
| SPENCER     | PECK         |
| KENNETH     | PESCI        |
| CHARLIZE    | DENCH        |
| SEAN        | GUINESS      |
| CHRISTOPHER | BERRY        |
| KIRSTEN     | AKROYD       |
| ELLEN       | PRESLEY      |
| KENNETH     | TORN         |
| DARYL       | WAHLBERG     |
| GENE        | WILLIS       |
| MEG         | HAWKE        |
| CHRIS       | BRIDGES      |
| JIM         | MOSTEL       |
| SPENCER     | DEPP         |
| SUSAN       | DAVIS        |
| WALTER      | TORN         |
| MATTHEW     | LEIGH        |
| PENELOPE    | CRONYN       |
| SIDNEY      | CROWE        |
| GROUCHO     | DUNST        |
| GINA        | DEGENERES    |
| WARREN      | NOLTE        |
| SYLVESTER   | DERN         |
| CAMERON     | ZELLWEGER    |
| RUSSELL     | BACALL       |
| MORGAN      | HOPKINS      |
| MORGAN      | MCDORMAND    |
| HARRISON    | BALE         |
| DAN         | STREEP       |
| RENEE       | TRACY        |
| CUBA        | ALLEN        |
| WARREN      | JACKMAN      |
| PENELOPE    | MONROE       |
| LIZA        | BERGMAN      |
| SALMA       | NOLTE        |
| JULIANNE    | DENCH        |
| SCARLETT    | BENING       |
| ALBERT      | NOLTE        |
| FRANCES     | TOMEI        |
| KEVIN       | GARLAND      |
| CATE        | MCQUEEN      |
| DARYL       | CRAWFORD     |
| GRETA       | KEITEL       |
| JANE        | JACKMAN      |
| ADAM        | HOPPER       |
| RICHARD     | PENN         |
| GENE        | HOPKINS      |
| RITA        | REYNOLDS     |
| ED          | MANSFIELD    |
| MORGAN      | WILLIAMS     |
| LUCILLE     | DEE          |
| EWAN        | GOODING      |
| WHOOPI      | HURT         |
| CATE        | HARRIS       |
| JADA        | RYDER        |
| RIVER       | DEAN         |
| ANGELA      | WITHERSPOON  |
| KIM         | ALLEN        |
| ALBERT      | JOHANSSON    |
| FAY         | WINSLET      |
| EMILY       | DEE          |
| RUSSELL     | TEMPLE       |
| JAYNE       | NOLTE        |
| GEOFFREY    | HESTON       |
| BEN         | HARRIS       |
| MINNIE      | KILMER       |
| MERYL       | GIBSON       |
| IAN         | TANDY        |
| FAY         | WOOD         |
| GRETA       | MALDEN       |
| VIVIEN      | BASINGER     |
| LAURA       | BRODY        |
| CHRIS       | DEPP         |
| HARVEY      | HOPE         |
| OPRAH       | KILMER       |
| CHRISTOPHER | WEST         |
| HUMPHREY    | WILLIS       |
| AL          | GARLAND      |
| NICK        | DEGENERES    |
| LAURENCE    | BULLOCK      |
| WILL        | WILSON       |
| KENNETH     | HOFFMAN      |
| MENA        | HOPPER       |
| OLYMPIA     | PFEIFFER     |
| GROUCHO     | WILLIAMS     |
| ALAN        | DREYFUSS     |
| MICHAEL     | BENING       |
| WILLIAM     | HACKMAN      |
| JON         | CHASE        |
| GENE        | MCKELLEN     |
| LISA        | MONROE       |
| ED          | GUINESS      |
| JEFF        | SILVERSTONE  |
| MATTHEW     | CARREY       |
| DEBBIE      | AKROYD       |
| RUSSELL     | CLOSE        |
| HUMPHREY    | GARLAND      |
| MICHAEL     | BOLGER       |
| JULIA       | ZELLWEGER    |
| RENEE       | BALL         |
| ROCK        | DUKAKIS      |
| CUBA        | BIRCH        |
| AUDREY      | BAILEY       |
| GREGORY     | GOODING      |
| JOHN        | SUVARI       |
| BURT        | TEMPLE       |
| MERYL       | ALLEN        |
| JAYNE       | SILVERSTONE  |
| BELA        | WALKEN       |
| REESE       | WEST         |
| MARY        | KEITEL       |
| JULIA       | FAWCETT      |
| THORA       | TEMPLE       |
| Mike        | Hillyer      |
| Jon         | Stephens     |
+-------------+--------------+
201 rows in set (0.0014 sec)

 MySQL  localhost:3306 ssl  sakila  SQL > select 'actor', first_name, last_name from actor
                                      ... union
                                      ... select 'staff', first_name, last_name from staff;
+-------+-------------+--------------+
| actor | first_name  | last_name    |
+-------+-------------+--------------+
| actor | PENELOPE    | GUINESS      |
| actor | NICK        | WAHLBERG     |
| actor | ED          | CHASE        |
| actor | JENNIFER    | DAVIS        |
| actor | JOHNNY      | LOLLOBRIGIDA |
| actor | BETTE       | NICHOLSON    |
| actor | GRACE       | MOSTEL       |
| actor | MATTHEW     | JOHANSSON    |
| actor | JOE         | SWANK        |
| actor | CHRISTIAN   | GABLE        |
| actor | ZERO        | CAGE         |
| actor | KARL        | BERRY        |
| actor | UMA         | WOOD         |
| actor | VIVIEN      | BERGEN       |
| actor | CUBA        | OLIVIER      |
| actor | FRED        | COSTNER      |
| actor | HELEN       | VOIGHT       |
| actor | DAN         | TORN         |
| actor | BOB         | FAWCETT      |
| actor | LUCILLE     | TRACY        |
| actor | KIRSTEN     | PALTROW      |
| actor | ELVIS       | MARX         |
| actor | SANDRA      | KILMER       |
| actor | CAMERON     | STREEP       |
| actor | KEVIN       | BLOOM        |
| actor | RIP         | CRAWFORD     |
| actor | JULIA       | MCQUEEN      |
| actor | WOODY       | HOFFMAN      |
| actor | ALEC        | WAYNE        |
| actor | SANDRA      | PECK         |
| actor | SISSY       | SOBIESKI     |
| actor | TIM         | HACKMAN      |
| actor | MILLA       | PECK         |
| actor | AUDREY      | OLIVIER      |
| actor | JUDY        | DEAN         |
| actor | BURT        | DUKAKIS      |
| actor | VAL         | BOLGER       |
| actor | TOM         | MCKELLEN     |
| actor | GOLDIE      | BRODY        |
| actor | JOHNNY      | CAGE         |
| actor | JODIE       | DEGENERES    |
| actor | TOM         | MIRANDA      |
| actor | KIRK        | JOVOVICH     |
| actor | NICK        | STALLONE     |
| actor | REESE       | KILMER       |
| actor | PARKER      | GOLDBERG     |
| actor | JULIA       | BARRYMORE    |
| actor | FRANCES     | DAY-LEWIS    |
| actor | ANNE        | CRONYN       |
| actor | NATALIE     | HOPKINS      |
| actor | GARY        | PHOENIX      |
| actor | CARMEN      | HUNT         |
| actor | MENA        | TEMPLE       |
| actor | PENELOPE    | PINKETT      |
| actor | FAY         | KILMER       |
| actor | DAN         | HARRIS       |
| actor | JUDE        | CRUISE       |
| actor | CHRISTIAN   | AKROYD       |
| actor | DUSTIN      | TAUTOU       |
| actor | HENRY       | BERRY        |
| actor | CHRISTIAN   | NEESON       |
| actor | JAYNE       | NEESON       |
| actor | CAMERON     | WRAY         |
| actor | RAY         | JOHANSSON    |
| actor | ANGELA      | HUDSON       |
| actor | MARY        | TANDY        |
| actor | JESSICA     | BAILEY       |
| actor | RIP         | WINSLET      |
| actor | KENNETH     | PALTROW      |
| actor | MICHELLE    | MCCONAUGHEY  |
| actor | ADAM        | GRANT        |
| actor | SEAN        | WILLIAMS     |
| actor | GARY        | PENN         |
| actor | MILLA       | KEITEL       |
| actor | BURT        | POSEY        |
| actor | ANGELINA    | ASTAIRE      |
| actor | CARY        | MCCONAUGHEY  |
| actor | GROUCHO     | SINATRA      |
| actor | MAE         | HOFFMAN      |
| actor | RALPH       | CRUZ         |
| actor | SCARLETT    | DAMON        |
| actor | WOODY       | JOLIE        |
| actor | BEN         | WILLIS       |
| actor | JAMES       | PITT         |
| actor | MINNIE      | ZELLWEGER    |
| actor | GREG        | CHAPLIN      |
| actor | SPENCER     | PECK         |
| actor | KENNETH     | PESCI        |
| actor | CHARLIZE    | DENCH        |
| actor | SEAN        | GUINESS      |
| actor | CHRISTOPHER | BERRY        |
| actor | KIRSTEN     | AKROYD       |
| actor | ELLEN       | PRESLEY      |
| actor | KENNETH     | TORN         |
| actor | DARYL       | WAHLBERG     |
| actor | GENE        | WILLIS       |
| actor | MEG         | HAWKE        |
| actor | CHRIS       | BRIDGES      |
| actor | JIM         | MOSTEL       |
| actor | SPENCER     | DEPP         |
| actor | SUSAN       | DAVIS        |
| actor | WALTER      | TORN         |
| actor | MATTHEW     | LEIGH        |
| actor | PENELOPE    | CRONYN       |
| actor | SIDNEY      | CROWE        |
| actor | GROUCHO     | DUNST        |
| actor | GINA        | DEGENERES    |
| actor | WARREN      | NOLTE        |
| actor | SYLVESTER   | DERN         |
| actor | CAMERON     | ZELLWEGER    |
| actor | RUSSELL     | BACALL       |
| actor | MORGAN      | HOPKINS      |
| actor | MORGAN      | MCDORMAND    |
| actor | HARRISON    | BALE         |
| actor | DAN         | STREEP       |
| actor | RENEE       | TRACY        |
| actor | CUBA        | ALLEN        |
| actor | WARREN      | JACKMAN      |
| actor | PENELOPE    | MONROE       |
| actor | LIZA        | BERGMAN      |
| actor | SALMA       | NOLTE        |
| actor | JULIANNE    | DENCH        |
| actor | SCARLETT    | BENING       |
| actor | ALBERT      | NOLTE        |
| actor | FRANCES     | TOMEI        |
| actor | KEVIN       | GARLAND      |
| actor | CATE        | MCQUEEN      |
| actor | DARYL       | CRAWFORD     |
| actor | GRETA       | KEITEL       |
| actor | JANE        | JACKMAN      |
| actor | ADAM        | HOPPER       |
| actor | RICHARD     | PENN         |
| actor | GENE        | HOPKINS      |
| actor | RITA        | REYNOLDS     |
| actor | ED          | MANSFIELD    |
| actor | MORGAN      | WILLIAMS     |
| actor | LUCILLE     | DEE          |
| actor | EWAN        | GOODING      |
| actor | WHOOPI      | HURT         |
| actor | CATE        | HARRIS       |
| actor | JADA        | RYDER        |
| actor | RIVER       | DEAN         |
| actor | ANGELA      | WITHERSPOON  |
| actor | KIM         | ALLEN        |
| actor | ALBERT      | JOHANSSON    |
| actor | FAY         | WINSLET      |
| actor | EMILY       | DEE          |
| actor | RUSSELL     | TEMPLE       |
| actor | JAYNE       | NOLTE        |
| actor | GEOFFREY    | HESTON       |
| actor | BEN         | HARRIS       |
| actor | MINNIE      | KILMER       |
| actor | MERYL       | GIBSON       |
| actor | IAN         | TANDY        |
| actor | FAY         | WOOD         |
| actor | GRETA       | MALDEN       |
| actor | VIVIEN      | BASINGER     |
| actor | LAURA       | BRODY        |
| actor | CHRIS       | DEPP         |
| actor | HARVEY      | HOPE         |
| actor | OPRAH       | KILMER       |
| actor | CHRISTOPHER | WEST         |
| actor | HUMPHREY    | WILLIS       |
| actor | AL          | GARLAND      |
| actor | NICK        | DEGENERES    |
| actor | LAURENCE    | BULLOCK      |
| actor | WILL        | WILSON       |
| actor | KENNETH     | HOFFMAN      |
| actor | MENA        | HOPPER       |
| actor | OLYMPIA     | PFEIFFER     |
| actor | GROUCHO     | WILLIAMS     |
| actor | ALAN        | DREYFUSS     |
| actor | MICHAEL     | BENING       |
| actor | WILLIAM     | HACKMAN      |
| actor | JON         | CHASE        |
| actor | GENE        | MCKELLEN     |
| actor | LISA        | MONROE       |
| actor | ED          | GUINESS      |
| actor | JEFF        | SILVERSTONE  |
| actor | MATTHEW     | CARREY       |
| actor | DEBBIE      | AKROYD       |
| actor | RUSSELL     | CLOSE        |
| actor | HUMPHREY    | GARLAND      |
| actor | MICHAEL     | BOLGER       |
| actor | JULIA       | ZELLWEGER    |
| actor | RENEE       | BALL         |
| actor | ROCK        | DUKAKIS      |
| actor | CUBA        | BIRCH        |
| actor | AUDREY      | BAILEY       |
| actor | GREGORY     | GOODING      |
| actor | JOHN        | SUVARI       |
| actor | BURT        | TEMPLE       |
| actor | MERYL       | ALLEN        |
| actor | JAYNE       | SILVERSTONE  |
| actor | BELA        | WALKEN       |
| actor | REESE       | WEST         |
| actor | MARY        | KEITEL       |
| actor | JULIA       | FAWCETT      |
| actor | THORA       | TEMPLE       |
| staff | Mike        | Hillyer      |
| staff | Jon         | Stephens     |
+-------+-------------+--------------+
201 rows in set (0.0009 sec)

 MySQL  localhost:3306 ssl  sakila  SQL > select 'actor' as tabla, first_name, last_name from actor union  select 'staff' as tabla, first_name, last_name from staff;
+-------+-------------+--------------+
| tabla | first_name  | last_name    |
+-------+-------------+--------------+
| actor | PENELOPE    | GUINESS      |
| actor | NICK        | WAHLBERG     |
| actor | ED          | CHASE        |
| actor | JENNIFER    | DAVIS        |
| actor | JOHNNY      | LOLLOBRIGIDA |
| actor | BETTE       | NICHOLSON    |
| actor | GRACE       | MOSTEL       |
| actor | MATTHEW     | JOHANSSON    |
| actor | JOE         | SWANK        |
| actor | CHRISTIAN   | GABLE        |
| actor | ZERO        | CAGE         |
| actor | KARL        | BERRY        |
| actor | UMA         | WOOD         |
| actor | VIVIEN      | BERGEN       |
| actor | CUBA        | OLIVIER      |
| actor | FRED        | COSTNER      |
| actor | HELEN       | VOIGHT       |
| actor | DAN         | TORN         |
| actor | BOB         | FAWCETT      |
| actor | LUCILLE     | TRACY        |
| actor | KIRSTEN     | PALTROW      |
| actor | ELVIS       | MARX         |
| actor | SANDRA      | KILMER       |
| actor | CAMERON     | STREEP       |
| actor | KEVIN       | BLOOM        |
| actor | RIP         | CRAWFORD     |
| actor | JULIA       | MCQUEEN      |
| actor | WOODY       | HOFFMAN      |
| actor | ALEC        | WAYNE        |
| actor | SANDRA      | PECK         |
| actor | SISSY       | SOBIESKI     |
| actor | TIM         | HACKMAN      |
| actor | MILLA       | PECK         |
| actor | AUDREY      | OLIVIER      |
| actor | JUDY        | DEAN         |
| actor | BURT        | DUKAKIS      |
| actor | VAL         | BOLGER       |
| actor | TOM         | MCKELLEN     |
| actor | GOLDIE      | BRODY        |
| actor | JOHNNY      | CAGE         |
| actor | JODIE       | DEGENERES    |
| actor | TOM         | MIRANDA      |
| actor | KIRK        | JOVOVICH     |
| actor | NICK        | STALLONE     |
| actor | REESE       | KILMER       |
| actor | PARKER      | GOLDBERG     |
| actor | JULIA       | BARRYMORE    |
| actor | FRANCES     | DAY-LEWIS    |
| actor | ANNE        | CRONYN       |
| actor | NATALIE     | HOPKINS      |
| actor | GARY        | PHOENIX      |
| actor | CARMEN      | HUNT         |
| actor | MENA        | TEMPLE       |
| actor | PENELOPE    | PINKETT      |
| actor | FAY         | KILMER       |
| actor | DAN         | HARRIS       |
| actor | JUDE        | CRUISE       |
| actor | CHRISTIAN   | AKROYD       |
| actor | DUSTIN      | TAUTOU       |
| actor | HENRY       | BERRY        |
| actor | CHRISTIAN   | NEESON       |
| actor | JAYNE       | NEESON       |
| actor | CAMERON     | WRAY         |
| actor | RAY         | JOHANSSON    |
| actor | ANGELA      | HUDSON       |
| actor | MARY        | TANDY        |
| actor | JESSICA     | BAILEY       |
| actor | RIP         | WINSLET      |
| actor | KENNETH     | PALTROW      |
| actor | MICHELLE    | MCCONAUGHEY  |
| actor | ADAM        | GRANT        |
| actor | SEAN        | WILLIAMS     |
| actor | GARY        | PENN         |
| actor | MILLA       | KEITEL       |
| actor | BURT        | POSEY        |
| actor | ANGELINA    | ASTAIRE      |
| actor | CARY        | MCCONAUGHEY  |
| actor | GROUCHO     | SINATRA      |
| actor | MAE         | HOFFMAN      |
| actor | RALPH       | CRUZ         |
| actor | SCARLETT    | DAMON        |
| actor | WOODY       | JOLIE        |
| actor | BEN         | WILLIS       |
| actor | JAMES       | PITT         |
| actor | MINNIE      | ZELLWEGER    |
| actor | GREG        | CHAPLIN      |
| actor | SPENCER     | PECK         |
| actor | KENNETH     | PESCI        |
| actor | CHARLIZE    | DENCH        |
| actor | SEAN        | GUINESS      |
| actor | CHRISTOPHER | BERRY        |
| actor | KIRSTEN     | AKROYD       |
| actor | ELLEN       | PRESLEY      |
| actor | KENNETH     | TORN         |
| actor | DARYL       | WAHLBERG     |
| actor | GENE        | WILLIS       |
| actor | MEG         | HAWKE        |
| actor | CHRIS       | BRIDGES      |
| actor | JIM         | MOSTEL       |
| actor | SPENCER     | DEPP         |
| actor | SUSAN       | DAVIS        |
| actor | WALTER      | TORN         |
| actor | MATTHEW     | LEIGH        |
| actor | PENELOPE    | CRONYN       |
| actor | SIDNEY      | CROWE        |
| actor | GROUCHO     | DUNST        |
| actor | GINA        | DEGENERES    |
| actor | WARREN      | NOLTE        |
| actor | SYLVESTER   | DERN         |
| actor | CAMERON     | ZELLWEGER    |
| actor | RUSSELL     | BACALL       |
| actor | MORGAN      | HOPKINS      |
| actor | MORGAN      | MCDORMAND    |
| actor | HARRISON    | BALE         |
| actor | DAN         | STREEP       |
| actor | RENEE       | TRACY        |
| actor | CUBA        | ALLEN        |
| actor | WARREN      | JACKMAN      |
| actor | PENELOPE    | MONROE       |
| actor | LIZA        | BERGMAN      |
| actor | SALMA       | NOLTE        |
| actor | JULIANNE    | DENCH        |
| actor | SCARLETT    | BENING       |
| actor | ALBERT      | NOLTE        |
| actor | FRANCES     | TOMEI        |
| actor | KEVIN       | GARLAND      |
| actor | CATE        | MCQUEEN      |
| actor | DARYL       | CRAWFORD     |
| actor | GRETA       | KEITEL       |
| actor | JANE        | JACKMAN      |
| actor | ADAM        | HOPPER       |
| actor | RICHARD     | PENN         |
| actor | GENE        | HOPKINS      |
| actor | RITA        | REYNOLDS     |
| actor | ED          | MANSFIELD    |
| actor | MORGAN      | WILLIAMS     |
| actor | LUCILLE     | DEE          |
| actor | EWAN        | GOODING      |
| actor | WHOOPI      | HURT         |
| actor | CATE        | HARRIS       |
| actor | JADA        | RYDER        |
| actor | RIVER       | DEAN         |
| actor | ANGELA      | WITHERSPOON  |
| actor | KIM         | ALLEN        |
| actor | ALBERT      | JOHANSSON    |
| actor | FAY         | WINSLET      |
| actor | EMILY       | DEE          |
| actor | RUSSELL     | TEMPLE       |
| actor | JAYNE       | NOLTE        |
| actor | GEOFFREY    | HESTON       |
| actor | BEN         | HARRIS       |
| actor | MINNIE      | KILMER       |
| actor | MERYL       | GIBSON       |
| actor | IAN         | TANDY        |
| actor | FAY         | WOOD         |
| actor | GRETA       | MALDEN       |
| actor | VIVIEN      | BASINGER     |
| actor | LAURA       | BRODY        |
| actor | CHRIS       | DEPP         |
| actor | HARVEY      | HOPE         |
| actor | OPRAH       | KILMER       |
| actor | CHRISTOPHER | WEST         |
| actor | HUMPHREY    | WILLIS       |
| actor | AL          | GARLAND      |
| actor | NICK        | DEGENERES    |
| actor | LAURENCE    | BULLOCK      |
| actor | WILL        | WILSON       |
| actor | KENNETH     | HOFFMAN      |
| actor | MENA        | HOPPER       |
| actor | OLYMPIA     | PFEIFFER     |
| actor | GROUCHO     | WILLIAMS     |
| actor | ALAN        | DREYFUSS     |
| actor | MICHAEL     | BENING       |
| actor | WILLIAM     | HACKMAN      |
| actor | JON         | CHASE        |
| actor | GENE        | MCKELLEN     |
| actor | LISA        | MONROE       |
| actor | ED          | GUINESS      |
| actor | JEFF        | SILVERSTONE  |
| actor | MATTHEW     | CARREY       |
| actor | DEBBIE      | AKROYD       |
| actor | RUSSELL     | CLOSE        |
| actor | HUMPHREY    | GARLAND      |
| actor | MICHAEL     | BOLGER       |
| actor | JULIA       | ZELLWEGER    |
| actor | RENEE       | BALL         |
| actor | ROCK        | DUKAKIS      |
| actor | CUBA        | BIRCH        |
| actor | AUDREY      | BAILEY       |
| actor | GREGORY     | GOODING      |
| actor | JOHN        | SUVARI       |
| actor | BURT        | TEMPLE       |
| actor | MERYL       | ALLEN        |
| actor | JAYNE       | SILVERSTONE  |
| actor | BELA        | WALKEN       |
| actor | REESE       | WEST         |
| actor | MARY        | KEITEL       |
| actor | JULIA       | FAWCETT      |
| actor | THORA       | TEMPLE       |
| staff | Mike        | Hillyer      |
| staff | Jon         | Stephens     |
+-------+-------------+--------------+
201 rows in set (0.0010 sec)

 MySQL  localhost:3306 ssl  sakila  SQL > select * from country limit 10
                                      ... union
                                      ... select * from city;
ERROR: 1064 (42000): You have an error in your SQL syntax; check the manual that corresponds to your MySQL server version for the right syntax to use near 'union
select * from city' at line 2

 MySQL  localhost:3306 ssl  sakila  SQL > desc country;
+-------------+----------------------+------+-----+-------------------+-----------------------------+
| Field       | Type                 | Null | Key | Default           | Extra                       |
+-------------+----------------------+------+-----+-------------------+-----------------------------+
| country_id  | smallint(5) unsigned | NO   | PRI | NULL              | auto_increment              |
| country     | varchar(50)          | NO   |     | NULL              |                             |
| last_update | timestamp            | NO   |     | CURRENT_TIMESTAMP | on update CURRENT_TIMESTAMP |
+-------------+----------------------+------+-----+-------------------+-----------------------------+
3 rows in set (0.0019 sec)

 MySQL  localhost:3306 ssl  sakila  SQL > desc city;
+-------------+----------------------+------+-----+-------------------+-----------------------------+
| Field       | Type                 | Null | Key | Default           | Extra                       |
+-------------+----------------------+------+-----+-------------------+-----------------------------+
| city_id     | smallint(5) unsigned | NO   | PRI | NULL              | auto_increment              |
| city        | varchar(50)          | NO   |     | NULL              |                             |
| country_id  | smallint(5) unsigned | NO   | MUL | NULL              |                             |
| last_update | timestamp            | NO   |     | CURRENT_TIMESTAMP | on update CURRENT_TIMESTAMP |
+-------------+----------------------+------+-----+-------------------+-----------------------------+
4 rows in set (0.0018 sec)

 MySQL  localhost:3306 ssl  sakila  SQL > select country_id, last_update from country
                                      ... limit 10
                                      ... union
                                      ... select country_id, last_update from city limit 10;
ERROR: 1064 (42000): You have an error in your SQL syntax; check the manual that corresponds to your MySQL server version for the right syntax to use near 'union
select country_id, last_update from city limit 10' at line 3

 MySQL  localhost:3306 ssl  sakila  SQL > select count (*) from country;
ERROR: 1064 (42000): You have an error in your SQL syntax; check the manual that corresponds to your MySQL server version for the right syntax to use near '*) from country' at line 1

 MySQL  localhost:3306 ssl  sakila  SQL > select count(*) from country;
+----------+
| count(*) |
+----------+
|      109 |
+----------+
1 row in set (0.1218 sec)

 MySQL  localhost:3306 ssl  sakila  SQL > select city from city limit 10
                                      ... union
                                      ... select country from country;
ERROR: 1064 (42000): You have an error in your SQL syntax; check the manual that corresponds to your MySQL server version for the right syntax to use near 'union
select country from country' at line 2

 MySQL  localhost:3306 ssl  sakila  SQL > (select city from city limit 10) union (select country from country limit 10);
+--------------------+
| city               |
+--------------------+
| A Corua (La Corua) |
| Abha               |
| Abu Dhabi          |
| Acua               |
| Adana              |
| Addis Abeba        |
| Aden               |
| Adoni              |
| Ahmadnagar         |
| Akishima           |
| Afghanistan        |
| Algeria            |
| American Samoa     |
| Angola             |
| Anguilla           |
| Argentina          |
| Armenia            |
| Australia          |
| Austria            |
| Azerbaijan         |
+--------------------+
20 rows in set (0.1176 sec)

 MySQL  localhost:3306 ssl  sakila  SQL > (select city from city limit 10) union (select country from country limit 10) order by city;
+--------------------+
| city               |
+--------------------+
| A Corua (La Corua) |
| Abha               |
| Abu Dhabi          |
| Acua               |
| Adana              |
| Addis Abeba        |
| Aden               |
| Adoni              |
| Afghanistan        |
| Ahmadnagar         |
| Akishima           |
| Algeria            |
| American Samoa     |
| Angola             |
| Anguilla           |
| Argentina          |
| Armenia            |
| Australia          |
| Austria            |
| Azerbaijan         |
+--------------------+
20 rows in set (0.0006 sec)

 MySQL  localhost:3306 ssl  sakila  SQL > (select 'actor', first_name, last_name from actor limit 10)
                                      ... union
                                      ... (select 'staff', first_name, last_name from staff limit 10)
                                      ... order by actor;
+-------+------------+--------------+
| actor | first_name | last_name    |
+-------+------------+--------------+
| actor | PENELOPE   | GUINESS      |
| actor | NICK       | WAHLBERG     |
| actor | ED         | CHASE        |
| actor | JENNIFER   | DAVIS        |
| actor | JOHNNY     | LOLLOBRIGIDA |
| actor | BETTE      | NICHOLSON    |
| actor | GRACE      | MOSTEL       |
| actor | MATTHEW    | JOHANSSON    |
| actor | JOE        | SWANK        |
| actor | CHRISTIAN  | GABLE        |
| staff | Mike       | Hillyer      |
| staff | Jon        | Stephens     |
+-------+------------+--------------+
12 rows in set (0.0008 sec)

 MySQL  localhost:3306 ssl  sakila  SQL > (select 'actor', first_name, last_name from actor limit 10) union (select 'staff', first_name, last_name from staff limit 10) order by first_name;
+-------+------------+--------------+
| actor | first_name | last_name    |
+-------+------------+--------------+
| actor | BETTE      | NICHOLSON    |
| actor | CHRISTIAN  | GABLE        |
| actor | ED         | CHASE        |
| actor | GRACE      | MOSTEL       |
| actor | JENNIFER   | DAVIS        |
| actor | JOE        | SWANK        |
| actor | JOHNNY     | LOLLOBRIGIDA |
| staff | Jon        | Stephens     |
| actor | MATTHEW    | JOHANSSON    |
| staff | Mike       | Hillyer      |
| actor | NICK       | WAHLBERG     |
| actor | PENELOPE   | GUINESS      |
+-------+------------+--------------+
12 rows in set (0.0006 sec)

 MySQL  localhost:3306 ssl  sakila  SQL > (select 'actor', first_name, last_name from actor limit 10) union (select 'staff', first_name, last_name from staff limit 10) order by first_name,last_name;
+-------+------------+--------------+
| actor | first_name | last_name    |
+-------+------------+--------------+
| actor | BETTE      | NICHOLSON    |
| actor | CHRISTIAN  | GABLE        |
| actor | ED         | CHASE        |
| actor | GRACE      | MOSTEL       |
| actor | JENNIFER   | DAVIS        |
| actor | JOE        | SWANK        |
| actor | JOHNNY     | LOLLOBRIGIDA |
| staff | Jon        | Stephens     |
| actor | MATTHEW    | JOHANSSON    |
| staff | Mike       | Hillyer      |
| actor | NICK       | WAHLBERG     |
| actor | PENELOPE   | GUINESS      |
+-------+------------+--------------+
12 rows in set (0.0006 sec)

                                          (select 'actor' as tabla, first_name, last_name from actor limit 10) union (select 'staff' as tabla, first_name, last_name from staff limit 10) order by first_name,last_name;on (select 'staff', first_name, last_name from staff limit 10) order by first_name,last_name;
+-------+------------+--------------+
| tabla | first_name | last_name    |
+-------+------------+--------------+
| actor | BETTE      | NICHOLSON    |
| actor | CHRISTIAN  | GABLE        |
| actor | ED         | CHASE        |
| actor | GRACE      | MOSTEL       |
| actor | JENNIFER   | DAVIS        |
| actor | JOE        | SWANK        |
| actor | JOHNNY     | LOLLOBRIGIDA |
| staff | Jon        | Stephens     |
| actor | MATTHEW    | JOHANSSON    |
| staff | Mike       | Hillyer      |
| actor | NICK       | WAHLBERG     |
| actor | PENELOPE   | GUINESS      |
+-------+------------+--------------+
12 rows in set (0.0006 sec)

LE';QL  localhost:3306 ssl  sakila  SQL > select first_name, last_name from actor where last_name='TEMP
+------------+-----------+
| first_name | last_name |
+------------+-----------+
| MENA       | TEMPLE    |
| RUSSELL    | TEMPLE    |
| BURT       | TEMPLE    |
| THORA      | TEMPLE    |
+------------+-----------+
4 rows in set (0.0006 sec)

 MySQL  localhost:3306 ssl  sakila  SQL > select first_name, last_name from actor
                                      ... where last_name like '%W';
+------------+-----------+
| first_name | last_name |
+------------+-----------+
| KIRSTEN    | PALTROW   |
| KENNETH    | PALTROW   |
+------------+-----------+
2 rows in set (0.0006 sec)

 MySQL  localhost:3306 ssl  sakila  SQL > select first_name, last_name from actor where last_name like 'W';
Empty set (0.0005 sec)

 MySQL  localhost:3306 ssl  sakila  SQL > select first_name, last_name from actor where last_name like 'W%';
+-------------+-------------+
| first_name  | last_name   |
+-------------+-------------+
| NICK        | WAHLBERG    |
| DARYL       | WAHLBERG    |
| BELA        | WALKEN      |
| ALEC        | WAYNE       |
| CHRISTOPHER | WEST        |
| REESE       | WEST        |
| SEAN        | WILLIAMS    |
| MORGAN      | WILLIAMS    |
| GROUCHO     | WILLIAMS    |
| BEN         | WILLIS      |
| GENE        | WILLIS      |
| HUMPHREY    | WILLIS      |
| WILL        | WILSON      |
| RIP         | WINSLET     |
| FAY         | WINSLET     |
| ANGELA      | WITHERSPOON |
| UMA         | WOOD        |
| FAY         | WOOD        |
| CAMERON     | WRAY        |
+-------------+-------------+
19 rows in set (0.1095 sec)

 MySQL  localhost:3306 ssl  sakila  SQL > select first_name, last_name from actor where last_name like '%W%';
+-------------+-------------+
| first_name  | last_name   |
+-------------+-------------+
| NICK        | WAHLBERG    |
| JOE         | SWANK       |
| UMA         | WOOD        |
| BOB         | FAWCETT     |
| KIRSTEN     | PALTROW     |
| RIP         | CRAWFORD    |
| ALEC        | WAYNE       |
| FRANCES     | DAY-LEWIS   |
| CAMERON     | WRAY        |
| RIP         | WINSLET     |
| KENNETH     | PALTROW     |
| SEAN        | WILLIAMS    |
| BEN         | WILLIS      |
| MINNIE      | ZELLWEGER   |
| DARYL       | WAHLBERG    |
| GENE        | WILLIS      |
| MEG         | HAWKE       |
| SIDNEY      | CROWE       |
| CAMERON     | ZELLWEGER   |
| DARYL       | CRAWFORD    |
| MORGAN      | WILLIAMS    |
| ANGELA      | WITHERSPOON |
| FAY         | WINSLET     |
| FAY         | WOOD        |
| CHRISTOPHER | WEST        |
| HUMPHREY    | WILLIS      |
| WILL        | WILSON      |
| GROUCHO     | WILLIAMS    |
| JULIA       | ZELLWEGER   |
| BELA        | WALKEN      |
| REESE       | WEST        |
| JULIA       | FAWCETT     |
+-------------+-------------+
32 rows in set (0.0005 sec)

 MySQL  localhost:3306 ssl  sakila  SQL > select count(*) from actor where last_name like '%w%';
+----------+
| count(*) |
+----------+
|       32 |
+----------+
1 row in set (0.0006 sec)





